<html>
<body>
<pre>
<h1>µVision Build Log</h1>
<h2>Tool Versions:</h2>
IDE-Version: ¦ÌVision V5.36.0.0
Copyright (C) 2021 ARM Ltd and ARM Germany GmbH. All rights reserved.
License Information: Herry admin, SZTU, LIC=8VRJ7-EUFVT-CXQU6-DSS15-03QTL-YBMCX
 
Tool Versions:
Toolchain:       MDK-ARM Plus  Version: 5.36.0.0
Toolchain Path:  C:\Keil_v5\ARM\ARMCC\Bin
C Compiler:      Armcc.exe V5.06 update 7 (build 960)
Assembler:       Armasm.exe V5.06 update 7 (build 960)
Linker/Locator:  ArmLink.exe V5.06 update 7 (build 960)
Library Manager: ArmAr.exe V5.06 update 7 (build 960)
Hex Converter:   FromElf.exe V5.06 update 7 (build 960)
CPU DLL:         SARMCM3.DLL V5.36.0.0
Dialog DLL:      DCM.DLL V1.17.3.0
Target DLL:      CMSIS_AGDI.dll V1.33.0.0
Dialog DLL:      TCM.DLL V1.53.0.0
 
<h2>Project:</h2>
D:\MQTTok\Edge-Energy-Gatewa-EEG-\Project\Fire_F103ZE.uvprojx
Project File Date:  08/13/2026

<h2>Output:</h2>
*** Using Compiler 'V5.06 update 7 (build 960)', folder: 'C:\Keil_v5\ARM\ARMCC\Bin'
Rebuild target 'esp8266'
assembling startup_stm32f103xe.s...
compiling stm32f1xx_hal.c...
compiling stm32f1xx_hal_gpio_ex.c...
compiling stm32f1xx_hal_flash.c...
compiling stm32f1xx_hal_mmc.c...
compiling stm32f1xx_hal_hcd.c...
compiling stm32f1xx_hal_cortex.c...
compiling stm32f1xx_hal_crc.c...
compiling stm32f1xx_hal_dac_ex.c...
compiling stm32f1xx_hal_eth.c...
compiling stm32f1xx_hal_cec.c...
compiling stm32f1xx_hal_dac.c...
compiling stm32f1xx_hal_irda.c...
compiling stm32f1xx_hal_iwdg.c...
compiling stm32f1xx_hal_i2s.c...
compiling stm32f1xx_hal_can.c...
compiling stm32f1xx_hal_flash_ex.c...
compiling stm32f1xx_hal_nand.c...
compiling stm32f1xx_hal_gpio.c...
compiling system_stm32f1xx.c...
compiling stm32f1xx_hal_adc.c...
compiling stm32f1xx_hal_dma.c...
compiling stm32f1xx_hal_adc_ex.c...
compiling stm32f1xx_hal_i2c.c...
compiling stm32f1xx_hal_pcd_ex.c...
compiling stm32f1xx_hal_pwr.c...
compiling stm32f1xx_hal_nor.c...
compiling stm32f1xx_hal_pccard.c...
compiling stm32f1xx_hal_sram.c...
compiling stm32f1xx_hal_rtc_ex.c...
compiling stm32f1xx_hal_rcc_ex.c...
compiling stm32f1xx_hal_smartcard.c...
compiling stm32f1xx_hal_rcc.c...
compiling stm32f1xx_hal_rtc.c...
compiling stm32f1xx_ll_fsmc.c...
compiling main.c...
compiling stm32f1xx_hal_wwdg.c...
compiling stm32f1xx_it.c...
compiling stm32f1xx_hal_usart.c...
compiling stm32f1xx_hal_pcd.c...
compiling stm32f1xx_hal_tim_ex.c...
compiling stm32f1xx_ll_sdmmc.c...
compiling stm32f1xx_hal_sd.c...
compiling stm32f1xx_hal_uart.c...
compiling stm32f1xx_hal_spi.c...
compiling stm32f1xx_ll_usb.c...
compiling stm32f1xx_hal_tim.c...
compiling bsp_debug_usart.c...
compiling bsp_led.c...
compiling core_delay.c...
compiling Common.c...
compiling bsp_iwdg.c...
compiling bsp_esp8266_test.c...
compiling bsp_dht11.c...
compiling bsp_esp8266.c...
compiling bsp_SysTick.c...
compiling bsp_esp8266_mqtt.c...
linking...
Program Size: Code=14968 RO-data=2752 RW-data=84 ZI-data=7364  
FromELF: creating hex file...
"..\Output\Fire_F103ZE.axf" - 0 Error(s), 0 Warning(s).

<h2>Software Packages used:</h2>

Package Vendor: Keil
                http://www.keil.com/pack/Keil.STM32F1xx_DFP.2.3.0.pack
                Keil.STM32F1xx_DFP.2.3.0
                STMicroelectronics STM32F1 Series Device Support, Drivers and Examples

<h2>Collection of Component include folders:</h2>
  C:\Users\admin\AppData\Local\Arm\Packs\Keil\STM32F1xx_DFP\2.3.0\Device\Include

<h2>Collection of Component Files used:</h2>
Build Time Elapsed:  00:00:05
</pre>
</body>
</html>
