Component: ARM Compiler 5.06 update 7 (build 960) Tool: armlink [4d3601]

==============================================================================

Section Cross References

    startup_stm32f103xe.o(RESET) refers to startup_stm32f103xe.o(STACK) for __initial_sp
    startup_stm32f103xe.o(RESET) refers to startup_stm32f103xe.o(.text) for Reset_Handler
    startup_stm32f103xe.o(RESET) refers to stm32f1xx_it.o(i.NMI_Handler) for NMI_Handler
    startup_stm32f103xe.o(RESET) refers to stm32f1xx_it.o(i.HardFault_Handler) for HardFault_Handler
    startup_stm32f103xe.o(RESET) refers to stm32f1xx_it.o(i.MemManage_Handler) for MemManage_Handler
    startup_stm32f103xe.o(RESET) refers to stm32f1xx_it.o(i.BusFault_Handler) for BusFault_Handler
    startup_stm32f103xe.o(RESET) refers to stm32f1xx_it.o(i.UsageFault_Handler) for UsageFault_Handler
    startup_stm32f103xe.o(RESET) refers to stm32f1xx_it.o(i.SVC_Handler) for SVC_Handler
    startup_stm32f103xe.o(RESET) refers to stm32f1xx_it.o(i.DebugMon_Handler) for DebugMon_Handler
    startup_stm32f103xe.o(RESET) refers to stm32f1xx_it.o(i.PendSV_Handler) for PendSV_Handler
    startup_stm32f103xe.o(RESET) refers to stm32f1xx_it.o(i.SysTick_Handler) for SysTick_Handler
    startup_stm32f103xe.o(RESET) refers to stm32f1xx_it.o(i.USART1_IRQHandler) for USART1_IRQHandler
    startup_stm32f103xe.o(RESET) refers to stm32f1xx_it.o(i.USART3_IRQHandler) for USART3_IRQHandler
    startup_stm32f103xe.o(.text) refers to system_stm32f1xx.o(i.SystemInit) for SystemInit
    startup_stm32f103xe.o(.text) refers to entry.o(.ARM.Collect$$$$00000000) for __main
    system_stm32f1xx.o(i.SystemCoreClockUpdate) refers to system_stm32f1xx.o(.data) for SystemCoreClock
    system_stm32f1xx.o(i.SystemCoreClockUpdate) refers to system_stm32f1xx.o(.constdata) for AHBPrescTable
    stm32f1xx_hal.o(i.HAL_DeInit) refers to stm32f1xx_hal.o(i.HAL_MspDeInit) for HAL_MspDeInit
    stm32f1xx_hal.o(i.HAL_Delay) refers to stm32f1xx_hal.o(i.HAL_GetTick) for HAL_GetTick
    stm32f1xx_hal.o(i.HAL_Delay) refers to stm32f1xx_hal.o(.data) for uwTickFreq
    stm32f1xx_hal.o(i.HAL_GetTick) refers to stm32f1xx_hal.o(.data) for uwTick
    stm32f1xx_hal.o(i.HAL_GetTickFreq) refers to stm32f1xx_hal.o(.data) for uwTickFreq
    stm32f1xx_hal.o(i.HAL_GetTickPrio) refers to stm32f1xx_hal.o(.data) for uwTickPrio
    stm32f1xx_hal.o(i.HAL_IncTick) refers to stm32f1xx_hal.o(.data) for uwTick
    stm32f1xx_hal.o(i.HAL_Init) refers to stm32f1xx_hal_cortex.o(i.HAL_NVIC_SetPriorityGrouping) for HAL_NVIC_SetPriorityGrouping
    stm32f1xx_hal.o(i.HAL_Init) refers to stm32f1xx_hal.o(i.HAL_InitTick) for HAL_InitTick
    stm32f1xx_hal.o(i.HAL_Init) refers to stm32f1xx_hal.o(i.HAL_MspInit) for HAL_MspInit
    stm32f1xx_hal.o(i.HAL_InitTick) refers to stm32f1xx_hal_cortex.o(i.HAL_SYSTICK_Config) for HAL_SYSTICK_Config
    stm32f1xx_hal.o(i.HAL_InitTick) refers to stm32f1xx_hal_cortex.o(i.HAL_NVIC_SetPriority) for HAL_NVIC_SetPriority
    stm32f1xx_hal.o(i.HAL_InitTick) refers to stm32f1xx_hal.o(.data) for uwTickFreq
    stm32f1xx_hal.o(i.HAL_InitTick) refers to system_stm32f1xx.o(.data) for SystemCoreClock
    stm32f1xx_hal.o(i.HAL_SetTickFreq) refers to stm32f1xx_hal.o(i.HAL_InitTick) for HAL_InitTick
    stm32f1xx_hal.o(i.HAL_SetTickFreq) refers to stm32f1xx_hal.o(.data) for uwTickFreq
    stm32f1xx_hal_adc.o(i.ADC_ConversionStop_Disable) refers to stm32f1xx_hal.o(i.HAL_GetTick) for HAL_GetTick
    stm32f1xx_hal_adc.o(i.ADC_DMAConvCplt) refers to stm32f1xx_hal_adc.o(i.HAL_ADC_ConvCpltCallback) for HAL_ADC_ConvCpltCallback
    stm32f1xx_hal_adc.o(i.ADC_DMAError) refers to stm32f1xx_hal_adc.o(i.HAL_ADC_ErrorCallback) for HAL_ADC_ErrorCallback
    stm32f1xx_hal_adc.o(i.ADC_DMAHalfConvCplt) refers to stm32f1xx_hal_adc.o(i.HAL_ADC_ConvHalfCpltCallback) for HAL_ADC_ConvHalfCpltCallback
    stm32f1xx_hal_adc.o(i.ADC_Enable) refers to stm32f1xx_hal.o(i.HAL_GetTick) for HAL_GetTick
    stm32f1xx_hal_adc.o(i.ADC_Enable) refers to system_stm32f1xx.o(.data) for SystemCoreClock
    stm32f1xx_hal_adc.o(i.HAL_ADC_ConfigChannel) refers to system_stm32f1xx.o(.data) for SystemCoreClock
    stm32f1xx_hal_adc.o(i.HAL_ADC_DeInit) refers to stm32f1xx_hal_adc.o(i.ADC_ConversionStop_Disable) for ADC_ConversionStop_Disable
    stm32f1xx_hal_adc.o(i.HAL_ADC_DeInit) refers to stm32f1xx_hal_adc.o(i.HAL_ADC_MspDeInit) for HAL_ADC_MspDeInit
    stm32f1xx_hal_adc.o(i.HAL_ADC_IRQHandler) refers to stm32f1xx_hal_adc.o(i.HAL_ADC_ConvCpltCallback) for HAL_ADC_ConvCpltCallback
    stm32f1xx_hal_adc.o(i.HAL_ADC_IRQHandler) refers to stm32f1xx_hal_adc_ex.o(i.HAL_ADCEx_InjectedConvCpltCallback) for HAL_ADCEx_InjectedConvCpltCallback
    stm32f1xx_hal_adc.o(i.HAL_ADC_IRQHandler) refers to stm32f1xx_hal_adc.o(i.HAL_ADC_LevelOutOfWindowCallback) for HAL_ADC_LevelOutOfWindowCallback
    stm32f1xx_hal_adc.o(i.HAL_ADC_Init) refers to stm32f1xx_hal_adc.o(i.HAL_ADC_MspInit) for HAL_ADC_MspInit
[...]
    Removing stm32f1xx_ll_usb.o(i.USB_ReadDevInEPInterrupt), (6 bytes).
    Removing stm32f1xx_ll_usb.o(i.USB_ReadDevOutEPInterrupt), (6 bytes).
    Removing stm32f1xx_ll_usb.o(i.USB_ReadInterrupts), (8 bytes).
    Removing stm32f1xx_ll_usb.o(i.USB_ReadPMA), (74 bytes).
    Removing stm32f1xx_ll_usb.o(i.USB_SetCurrentMode), (6 bytes).
    Removing stm32f1xx_ll_usb.o(i.USB_SetDevAddress), (14 bytes).
    Removing stm32f1xx_ll_usb.o(i.USB_StopDevice), (22 bytes).
    Removing stm32f1xx_ll_usb.o(i.USB_WritePMA), (64 bytes).
    Removing main.o(.rev16_text), (4 bytes).
    Removing main.o(.revsh_text), (4 bytes).
    Removing main.o(.rrx_text), (6 bytes).
    Removing stm32f1xx_it.o(.rev16_text), (4 bytes).
    Removing stm32f1xx_it.o(.revsh_text), (4 bytes).
    Removing stm32f1xx_it.o(.rrx_text), (6 bytes).
    Removing bsp_debug_usart.o(.rev16_text), (4 bytes).
    Removing bsp_debug_usart.o(.revsh_text), (4 bytes).
    Removing bsp_debug_usart.o(.rrx_text), (6 bytes).
    Removing bsp_debug_usart.o(i.Usart_SendString), (36 bytes).
    Removing bsp_debug_usart.o(i.fgetc), (28 bytes).
    Removing bsp_led.o(.rev16_text), (4 bytes).
    Removing bsp_led.o(.revsh_text), (4 bytes).
    Removing bsp_led.o(.rrx_text), (6 bytes).
    Removing core_delay.o(.rev16_text), (4 bytes).
    Removing core_delay.o(.revsh_text), (4 bytes).
    Removing core_delay.o(.rrx_text), (6 bytes).
    Removing bsp_dht11.o(.rev16_text), (4 bytes).
    Removing bsp_dht11.o(.revsh_text), (4 bytes).
    Removing bsp_dht11.o(.rrx_text), (6 bytes).
    Removing common.o(.rev16_text), (4 bytes).
    Removing common.o(.revsh_text), (4 bytes).
    Removing common.o(.rrx_text), (6 bytes).
    Removing bsp_iwdg.o(.rev16_text), (4 bytes).
    Removing bsp_iwdg.o(.revsh_text), (4 bytes).
    Removing bsp_iwdg.o(.rrx_text), (6 bytes).
    Removing bsp_iwdg.o(i.IWDG_WasWatchdogReset), (12 bytes).
    Removing bsp_esp8266.o(.rev16_text), (4 bytes).
    Removing bsp_esp8266.o(.revsh_text), (4 bytes).
    Removing bsp_esp8266.o(.rrx_text), (6 bytes).
    Removing bsp_esp8266.o(i.ESP8266_BuildAP), (72 bytes).
    Removing bsp_esp8266.o(i.ESP8266_ExitUnvarnishSend), (36 bytes).
    Removing bsp_esp8266.o(i.ESP8266_Get_IdLinkStatus), (232 bytes).
    Removing bsp_esp8266.o(i.ESP8266_Get_LinkStatus), (124 bytes).
    Removing bsp_esp8266.o(i.ESP8266_Inquire_ApIp), (108 bytes).
    Removing bsp_esp8266.o(i.ESP8266_Link_Server), (192 bytes).
    Removing bsp_esp8266.o(i.ESP8266_ReceiveString), (100 bytes).
    Removing bsp_esp8266.o(i.ESP8266_SendString), (156 bytes).
    Removing bsp_esp8266.o(i.ESP8266_StartOrShutServer), (144 bytes).
    Removing bsp_esp8266.o(i.ESP8266_UnvarnishSend), (76 bytes).
    Removing bsp_esp8266_test.o(.rev16_text), (4 bytes).
    Removing bsp_esp8266_test.o(.revsh_text), (4 bytes).
    Removing bsp_esp8266_test.o(.rrx_text), (6 bytes).
    Removing bsp_systick.o(.rev16_text), (4 bytes).
    Removing bsp_systick.o(.revsh_text), (4 bytes).
    Removing bsp_systick.o(.rrx_text), (6 bytes).
    Removing bsp_systick.o(i.Delay_us), (24 bytes).
    Removing bsp_systick.o(i.TimingDelay_Decrement), (24 bytes).
    Removing bsp_systick.o(.data), (4 bytes).
    Removing bsp_esp8266_mqtt.o(.rev16_text), (4 bytes).
    Removing bsp_esp8266_mqtt.o(.revsh_text), (4 bytes).
    Removing bsp_esp8266_mqtt.o(.rrx_text), (6 bytes).
    Removing dadd.o(.text), (334 bytes).
    Removing dmul.o(.text), (228 bytes).
    Removing ddiv.o(.text), (222 bytes).
    Removing dfixul.o(.text), (48 bytes).
    Removing cdrcmple.o(.text), (48 bytes).
    Removing depilogue.o(.text), (186 bytes).

1243 unused section(s) (total 131108 bytes) removed from the image.

==============================================================================

Image Symbol Table

    Local Symbols

    Symbol Name                              Value     Ov Type        Size  Object(Section)

    ../clib/microlib/ctype/ctype.c           0x00000000   Number         0  isalpha_o.o ABSOLUTE
    ../clib/microlib/ctype/ctype.c           0x00000000   Number         0  islower_o.o ABSOLUTE
    ../clib/microlib/ctype/ctype.c           0x00000000   Number         0  isalnum_o.o ABSOLUTE
    ../clib/microlib/ctype/ctype.c           0x00000000   Number         0  isgraph_o.o ABSOLUTE
    ../clib/microlib/ctype/ctype.c           0x00000000   Number         0  isxdigit_o.o ABSOLUTE
    ../clib/microlib/ctype/ctype.c           0x00000000   Number         0  isupper_o.o ABSOLUTE
    ../clib/microlib/ctype/ctype.c           0x00000000   Number         0  ctype_o.o ABSOLUTE
    ../clib/microlib/ctype/ctype.c           0x00000000   Number         0  isspace_o.o ABSOLUTE
    ../clib/microlib/ctype/ctype.c           0x00000000   Number         0  isdigit_o.o ABSOLUTE
    ../clib/microlib/ctype/ctype.c           0x00000000   Number         0  iscntrl_o.o ABSOLUTE
    ../clib/microlib/ctype/ctype.c           0x00000000   Number         0  ispunct_o.o ABSOLUTE
    ../clib/microlib/ctype/ctype.c           0x00000000   Number         0  isblank_o.o ABSOLUTE
    ../clib/microlib/ctype/ctype.c           0x00000000   Number         0  isprint_o.o ABSOLUTE
    ../clib/microlib/division.c              0x00000000   Number         0  uldiv.o ABSOLUTE
    ../clib/microlib/division.c              0x00000000   Number         0  uidiv.o ABSOLUTE
    ../clib/microlib/errno.c                 0x00000000   Number         0  errno.o ABSOLUTE
    ../clib/microlib/init/entry.s            0x00000000   Number         0  entry10a.o ABSOLUTE
    ../clib/microlib/init/entry.s            0x00000000   Number         0  entry7a.o ABSOLUTE
    ../clib/microlib/init/entry.s            0x00000000   Number         0  entry10b.o ABSOLUTE
    ../clib/microlib/init/entry.s            0x00000000   Number         0  entry9a.o ABSOLUTE
    ../clib/microlib/init/entry.s            0x00000000   Number         0  entry12b.o ABSOLUTE
    ../clib/microlib/init/entry.s            0x00000000   Number         0  entry12a.o ABSOLUTE
    ../clib/microlib/init/entry.s            0x00000000   Number         0  entry11b.o ABSOLUTE
    ../clib/microlib/init/entry.s            0x00000000   Number         0  entry11a.o ABSOLUTE
    ../clib/microlib/init/entry.s            0x00000000   Number         0  entry9b.o ABSOLUTE
    ../clib/microlib/init/entry.s            0x00000000   Number         0  entry8b.o ABSOLUTE
    ../clib/microlib/init/entry.s            0x00000000   Number         0  entry8a.o ABSOLUTE
    ../clib/microlib/init/entry.s            0x00000000   Number         0  entry5.o ABSOLUTE
    ../clib/microlib/init/entry.s            0x00000000   Number         0  entry.o ABSOLUTE
    ../clib/microlib/init/entry.s            0x00000000   Number         0  entry2.o ABSOLUTE
    ../clib/microlib/init/entry.s            0x00000000   Number         0  entry7b.o ABSOLUTE
    ../clib/microlib/longlong.c              0x00000000   Number         0  llsshr.o ABSOLUTE
    ../clib/microlib/longlong.c              0x00000000   Number         0  llshl.o ABSOLUTE
    ../clib/microlib/longlong.c              0x00000000   Number         0  llushr.o ABSOLUTE
    ../clib/microlib/printf/printf.c         0x00000000   Number         0  printf0.o ABSOLUTE
    ../clib/microlib/printf/printf.c         0x00000000   Number         0  printfb.o ABSOLUTE
    ../clib/microlib/printf/printf.c         0x00000000   Number         0  printf6.o ABSOLUTE
    ../clib/microlib/printf/printf.c         0x00000000   Number         0  printf7.o ABSOLUTE
    ../clib/microlib/printf/printf.c         0x00000000   Number         0  printf8.o ABSOLUTE
    ../clib/microlib/printf/printf.c         0x00000000   Number         0  printf4.o ABSOLUTE
    ../clib/microlib/printf/printf.c         0x00000000   Number         0  printf5.o ABSOLUTE
    ../clib/microlib/printf/printf.c         0x00000000   Number         0  printfa.o ABSOLUTE
    ../clib/microlib/printf/printf.c         0x00000000   Number         0  printf1.o ABSOLUTE
    ../clib/microlib/printf/printf.c         0x00000000   Number         0  printf2.o ABSOLUTE
    ../clib/microlib/printf/printf.c         0x00000000   Number         0  printf3.o ABSOLUTE
    ../clib/microlib/printf/stubs.s          0x00000000   Number         0  stubs.o ABSOLUTE
    ../clib/microlib/stdio/streams.c         0x00000000   Number         0  stdout.o ABSOLUTE
    ../clib/microlib/string/memcpy.c         0x00000000   Number         0  memcpya.o ABSOLUTE
    ../clib/microlib/string/memcpy.c         0x00000000   Number         0  memcpyb.o ABSOLUTE
    ../clib/microlib/string/memset.c         0x00000000   Number         0  memseta.o ABSOLUTE
    ../clib/microlib/string/strcmp.c         0x00000000   Number         0  strcmp.o ABSOLUTE
    ../clib/microlib/string/strlen.c         0x00000000   Number         0  strlen.o ABSOLUTE
    ../clib/microlib/string/strstr.c         0x00000000   Number         0  strstr.o ABSOLUTE
    ../clib/microlib/stubs.s                 0x00000000   Number         0  iusefp.o ABSOLUTE
    ../clib/scanf.c                          0x00000000   Number         0  _strtoul.o ABSOLUTE
    ../clib/scanf.c                          0x00000000   Number         0  _chval.o ABSOLUTE
    ../clib/scanf.c                          0x00000000   Number         0  strtol.o ABSOLUTE
    ../clib/scanf.c                          0x00000000   Number         0  atoi.o ABSOLUTE
    ../fplib/microlib/fpadd.c                0x00000000   Number         0  dadd.o ABSOLUTE
    ../fplib/microlib/fpdiv.c                0x00000000   Number         0  ddiv.o ABSOLUTE
    ../fplib/microlib/fpepilogue.c           0x00000000   Number         0  depilogue.o ABSOLUTE
    ../fplib/microlib/fpfix.c                0x00000000   Number         0  dfixul.o ABSOLUTE
    ../fplib/microlib/fpmul.c                0x00000000   Number         0  dmul.o ABSOLUTE
    ..\Libraries\CMSIS\Device\ST\STM32F1xx\Source\Templates\arm\startup_stm32f103xe.s 0x00000000   Number         0  startup_stm32f103xe.o ABSOLUTE
    ..\Libraries\CMSIS\Device\ST\STM32F1xx\Source\Templates\system_stm32f1xx.c 0x00000000   Number         0  system_stm32f1xx.o ABSOLUTE
    ..\Libraries\STM32F1xx_HAL_Driver\Src\stm32f1xx_hal.c 0x00000000   Number         0  stm32f1xx_hal.o ABSOLUTE
    ..\Libraries\STM32F1xx_HAL_Driver\Src\stm32f1xx_hal_adc.c 0x00000000   Number         0  stm32f1xx_hal_adc.o ABSOLUTE
    ..\Libraries\STM32F1xx_HAL_Driver\Src\stm32f1xx_hal_adc_ex.c 0x00000000   Number         0  stm32f1xx_hal_adc_ex.o ABSOLUTE
    ..\Libraries\STM32F1xx_HAL_Driver\Src\stm32f1xx_hal_can.c 0x00000000   Number         0  stm32f1xx_hal_can.o ABSOLUTE
    ..\Libraries\STM32F1xx_HAL_Driver\Src\stm32f1xx_hal_cec.c 0x00000000   Number         0  stm32f1xx_hal_cec.o ABSOLUTE
    ..\Libraries\STM32F1xx_HAL_Driver\Src\stm32f1xx_hal_cortex.c 0x00000000   Number         0  stm32f1xx_hal_cortex.o ABSOLUTE
    ..\Libraries\STM32F1xx_HAL_Driver\Src\stm32f1xx_hal_crc.c 0x00000000   Number         0  stm32f1xx_hal_crc.o ABSOLUTE
    ..\Libraries\STM32F1xx_HAL_Driver\Src\stm32f1xx_hal_dac.c 0x00000000   Number         0  stm32f1xx_hal_dac.o ABSOLUTE
    ..\Libraries\STM32F1xx_HAL_Driver\Src\stm32f1xx_hal_dac_ex.c 0x00000000   Number         0  stm32f1xx_hal_dac_ex.o ABSOLUTE
    ..\Libraries\STM32F1xx_HAL_Driver\Src\stm32f1xx_hal_dma.c 0x00000000   Number         0  stm32f1xx_hal_dma.o ABSOLUTE
    ..\Libraries\STM32F1xx_HAL_Driver\Src\stm32f1xx_hal_eth.c 0x00000000   Number         0  stm32f1xx_hal_eth.o ABSOLUTE
    ..\Libraries\STM32F1xx_HAL_Driver\Src\stm32f1xx_hal_flash.c 0x00000000   Number         0  stm32f1xx_hal_flash.o ABSOLUTE
    ..\Libraries\STM32F1xx_HAL_Driver\Src\stm32f1xx_hal_flash_ex.c 0x00000000   Number         0  stm32f1xx_hal_flash_ex.o ABSOLUTE
    ..\Libraries\STM32F1xx_HAL_Driver\Src\stm32f1xx_hal_gpio.c 0x00000000   Number         0  stm32f1xx_hal_gpio.o ABSOLUTE
    ..\Libraries\STM32F1xx_HAL_Driver\Src\stm32f1xx_hal_gpio_ex.c 0x00000000   Number         0  stm32f1xx_hal_gpio_ex.o ABSOLUTE
    ..\Libraries\STM32F1xx_HAL_Driver\Src\stm32f1xx_hal_hcd.c 0x00000000   Number         0  stm32f1xx_hal_hcd.o ABSOLUTE
    ..\Libraries\STM32F1xx_HAL_Driver\Src\stm32f1xx_hal_i2c.c 0x00000000   Number         0  stm32f1xx_hal_i2c.o ABSOLUTE
    ..\Libraries\STM32F1xx_HAL_Driver\Src\stm32f1xx_hal_i2s.c 0x00000000   Number         0  stm32f1xx_hal_i2s.o ABSOLUTE
    ..\Libraries\STM32F1xx_HAL_Driver\Src\stm32f1xx_hal_irda.c 0x00000000   Number         0  stm32f1xx_hal_irda.o ABSOLUTE
    ..\Libraries\STM32F1xx_HAL_Driver\Src\stm32f1xx_hal_iwdg.c 0x00000000   Number         0  stm32f1xx_hal_iwdg.o ABSOLUTE
    ..\Libraries\STM32F1xx_HAL_Driver\Src\stm32f1xx_hal_mmc.c 0x00000000   Number         0  stm32f1xx_hal_mmc.o ABSOLUTE
    ..\Libraries\STM32F1xx_HAL_Driver\Src\stm32f1xx_hal_nand.c 0x00000000   Number         0  stm32f1xx_hal_nand.o ABSOLUTE
    ..\Libraries\STM32F1xx_HAL_Driver\Src\stm32f1xx_hal_nor.c 0x00000000   Number         0  stm32f1xx_hal_nor.o ABSOLUTE
    ..\Libraries\STM32F1xx_HAL_Driver\Src\stm32f1xx_hal_pccard.c 0x00000000   Number         0  stm32f1xx_hal_pccard.o ABSOLUTE
    ..\Libraries\STM32F1xx_HAL_Driver\Src\stm32f1xx_hal_pcd.c 0x00000000   Number         0  stm32f1xx_hal_pcd.o ABSOLUTE
    ..\Libraries\STM32F1xx_HAL_Driver\Src\stm32f1xx_hal_pcd_ex.c 0x00000000   Number         0  stm32f1xx_hal_pcd_ex.o ABSOLUTE
    ..\Libraries\STM32F1xx_HAL_Driver\Src\stm32f1xx_hal_pwr.c 0x00000000   Number         0  stm32f1xx_hal_pwr.o ABSOLUTE
    ..\Libraries\STM32F1xx_HAL_Driver\Src\stm32f1xx_hal_rcc.c 0x00000000   Number         0  stm32f1xx_hal_rcc.o ABSOLUTE
    ..\Libraries\STM32F1xx_HAL_Driver\Src\stm32f1xx_hal_rcc_ex.c 0x00000000   Number         0  stm32f1xx_hal_rcc_ex.o ABSOLUTE
    ..\Libraries\STM32F1xx_HAL_Driver\Src\stm32f1xx_hal_rtc.c 0x00000000   Number         0  stm32f1xx_hal_rtc.o ABSOLUTE
    ..\Libraries\STM32F1xx_HAL_Driver\Src\stm32f1xx_hal_rtc_ex.c 0x00000000   Number         0  stm32f1xx_hal_rtc_ex.o ABSOLUTE
    ..\Libraries\STM32F1xx_HAL_Driver\Src\stm32f1xx_hal_sd.c 0x00000000   Number         0  stm32f1xx_hal_sd.o ABSOLUTE
    ..\Libraries\STM32F1xx_HAL_Driver\Src\stm32f1xx_hal_smartcard.c 0x00000000   Number         0  stm32f1xx_hal_smartcard.o ABSOLUTE
    ..\Libraries\STM32F1xx_HAL_Driver\Src\stm32f1xx_hal_spi.c 0x00000000   Number         0  stm32f1xx_hal_spi.o ABSOLUTE
    ..\Libraries\STM32F1xx_HAL_Driver\Src\stm32f1xx_hal_sram.c 0x00000000   Number         0  stm32f1xx_hal_sram.o ABSOLUTE
    ..\Libraries\STM32F1xx_HAL_Driver\Src\stm32f1xx_hal_tim.c 0x00000000   Number         0  stm32f1xx_hal_tim.o ABSOLUTE
    ..\Libraries\STM32F1xx_HAL_Driver\Src\stm32f1xx_hal_tim_ex.c 0x00000000   Number         0  stm32f1xx_hal_tim_ex.o ABSOLUTE
    ..\Libraries\STM32F1xx_HAL_Driver\Src\stm32f1xx_hal_uart.c 0x00000000   Number         0  stm32f1xx_hal_uart.o ABSOLUTE
    ..\Libraries\STM32F1xx_HAL_Driver\Src\stm32f1xx_hal_usart.c 0x00000000   Number         0  stm32f1xx_hal_usart.o ABSOLUTE
    ..\Libraries\STM32F1xx_HAL_Driver\Src\stm32f1xx_hal_wwdg.c 0x00000000   Number         0  stm32f1xx_hal_wwdg.o ABSOLUTE
    ..\Libraries\STM32F1xx_HAL_Driver\Src\stm32f1xx_ll_fsmc.c 0x00000000   Number         0  stm32f1xx_ll_fsmc.o ABSOLUTE
    ..\Libraries\STM32F1xx_HAL_Driver\Src\stm32f1xx_ll_sdmmc.c 0x00000000   Number         0  stm32f1xx_ll_sdmmc.o ABSOLUTE
    ..\Libraries\STM32F1xx_HAL_Driver\Src\stm32f1xx_ll_usb.c 0x00000000   Number         0  stm32f1xx_ll_usb.o ABSOLUTE
    ..\User\Common\Common.c                  0x00000000   Number         0  common.o ABSOLUTE
    ..\User\ESP8266\bsp_esp8266.c            0x00000000   Number         0  bsp_esp8266.o ABSOLUTE
    ..\User\ESP8266\bsp_esp8266_mqtt.c       0x00000000   Number         0  bsp_esp8266_mqtt.o ABSOLUTE
    ..\User\ESP8266\bsp_esp8266_test.c       0x00000000   Number         0  bsp_esp8266_test.o ABSOLUTE
    ..\User\dht11\bsp_dht11.c                0x00000000   Number         0  bsp_dht11.o ABSOLUTE
    ..\User\dwt_delay\core_delay.c           0x00000000   Number         0  core_delay.o ABSOLUTE
    ..\User\led\bsp_led.c                    0x00000000   Number         0  bsp_led.o ABSOLUTE
    ..\User\main.c                           0x00000000   Number         0  main.o ABSOLUTE
    ..\User\stm32f1xx_it.c                   0x00000000   Number         0  stm32f1xx_it.o ABSOLUTE
    ..\User\systick\bsp_SysTick.c            0x00000000   Number         0  bsp_systick.o ABSOLUTE
    ..\User\usart\bsp_debug_usart.c          0x00000000   Number         0  bsp_debug_usart.o ABSOLUTE
    ..\User\wdg\bsp_iwdg.c                   0x00000000   Number         0  bsp_iwdg.o ABSOLUTE
    ..\\Libraries\\CMSIS\\Device\\ST\\STM32F1xx\\Source\\Templates\\system_stm32f1xx.c 0x00000000   Number         0  system_stm32f1xx.o ABSOLUTE
    ..\\Libraries\\STM32F1xx_HAL_Driver\\Src\\stm32f1xx_hal.c 0x00000000   Number         0  stm32f1xx_hal.o ABSOLUTE
    ..\\Libraries\\STM32F1xx_HAL_Driver\\Src\\stm32f1xx_hal_adc.c 0x00000000   Number         0  stm32f1xx_hal_adc.o ABSOLUTE
    ..\\Libraries\\STM32F1xx_HAL_Driver\\Src\\stm32f1xx_hal_adc_ex.c 0x00000000   Number         0  stm32f1xx_hal_adc_ex.o ABSOLUTE
    ..\\Libraries\\STM32F1xx_HAL_Driver\\Src\\stm32f1xx_hal_can.c 0x00000000   Number         0  stm32f1xx_hal_can.o ABSOLUTE
    ..\\Libraries\\STM32F1xx_HAL_Driver\\Src\\stm32f1xx_hal_cec.c 0x00000000   Number         0  stm32f1xx_hal_cec.o ABSOLUTE
    ..\\Libraries\\STM32F1xx_HAL_Driver\\Src\\stm32f1xx_hal_cortex.c 0x00000000   Number         0  stm32f1xx_hal_cortex.o ABSOLUTE
    ..\\Libraries\\STM32F1xx_HAL_Driver\\Src\\stm32f1xx_hal_crc.c 0x00000000   Number         0  stm32f1xx_hal_crc.o ABSOLUTE
    ..\\Libraries\\STM32F1xx_HAL_Driver\\Src\\stm32f1xx_hal_dac.c 0x00000000   Number         0  stm32f1xx_hal_dac.o ABSOLUTE
    ..\\Libraries\\STM32F1xx_HAL_Driver\\Src\\stm32f1xx_hal_dac_ex.c 0x00000000   Number         0  stm32f1xx_hal_dac_ex.o ABSOLUTE
    ..\\Libraries\\STM32F1xx_HAL_Driver\\Src\\stm32f1xx_hal_dma.c 0x00000000   Number         0  stm32f1xx_hal_dma.o ABSOLUTE
    ..\\Libraries\\STM32F1xx_HAL_Driver\\Src\\stm32f1xx_hal_eth.c 0x00000000   Number         0  stm32f1xx_hal_eth.o ABSOLUTE
    ..\\Libraries\\STM32F1xx_HAL_Driver\\Src\\stm32f1xx_hal_flash.c 0x00000000   Number         0  stm32f1xx_hal_flash.o ABSOLUTE
    ..\\Libraries\\STM32F1xx_HAL_Driver\\Src\\stm32f1xx_hal_flash_ex.c 0x00000000   Number         0  stm32f1xx_hal_flash_ex.o ABSOLUTE
    ..\\Libraries\\STM32F1xx_HAL_Driver\\Src\\stm32f1xx_hal_gpio.c 0x00000000   Number         0  stm32f1xx_hal_gpio.o ABSOLUTE
    ..\\Libraries\\STM32F1xx_HAL_Driver\\Src\\stm32f1xx_hal_gpio_ex.c 0x00000000   Number         0  stm32f1xx_hal_gpio_ex.o ABSOLUTE
    ..\\Libraries\\STM32F1xx_HAL_Driver\\Src\\stm32f1xx_hal_hcd.c 0x00000000   Number         0  stm32f1xx_hal_hcd.o ABSOLUTE
    ..\\Libraries\\STM32F1xx_HAL_Driver\\Src\\stm32f1xx_hal_i2c.c 0x00000000   Number         0  stm32f1xx_hal_i2c.o ABSOLUTE
    ..\\Libraries\\STM32F1xx_HAL_Driver\\Src\\stm32f1xx_hal_i2s.c 0x00000000   Number         0  stm32f1xx_hal_i2s.o ABSOLUTE
    ..\\Libraries\\STM32F1xx_HAL_Driver\\Src\\stm32f1xx_hal_irda.c 0x00000000   Number         0  stm32f1xx_hal_irda.o ABSOLUTE
    ..\\Libraries\\STM32F1xx_HAL_Driver\\Src\\stm32f1xx_hal_iwdg.c 0x00000000   Number         0  stm32f1xx_hal_iwdg.o ABSOLUTE
    ..\\Libraries\\STM32F1xx_HAL_Driver\\Src\\stm32f1xx_hal_mmc.c 0x00000000   Number         0  stm32f1xx_hal_mmc.o ABSOLUTE
    ..\\Libraries\\STM32F1xx_HAL_Driver\\Src\\stm32f1xx_hal_nand.c 0x00000000   Number         0  stm32f1xx_hal_nand.o ABSOLUTE
    ..\\Libraries\\STM32F1xx_HAL_Driver\\Src\\stm32f1xx_hal_nor.c 0x00000000   Number         0  stm32f1xx_hal_nor.o ABSOLUTE
    ..\\Libraries\\STM32F1xx_HAL_Driver\\Src\\stm32f1xx_hal_pccard.c 0x00000000   Number         0  stm32f1xx_hal_pccard.o ABSOLUTE
    ..\\Libraries\\STM32F1xx_HAL_Driver\\Src\\stm32f1xx_hal_pcd.c 0x00000000   Number         0  stm32f1xx_hal_pcd.o ABSOLUTE
    ..\\Libraries\\STM32F1xx_HAL_Driver\\Src\\stm32f1xx_hal_pcd_ex.c 0x00000000   Number         0  stm32f1xx_hal_pcd_ex.o ABSOLUTE
    ..\\Libraries\\STM32F1xx_HAL_Driver\\Src\\stm32f1xx_hal_pwr.c 0x00000000   Number         0  stm32f1xx_hal_pwr.o ABSOLUTE
    ..\\Libraries\\STM32F1xx_HAL_Driver\\Src\\stm32f1xx_hal_rcc.c 0x00000000   Number         0  stm32f1xx_hal_rcc.o ABSOLUTE
    ..\\Libraries\\STM32F1xx_HAL_Driver\\Src\\stm32f1xx_hal_rcc_ex.c 0x00000000   Number         0  stm32f1xx_hal_rcc_ex.o ABSOLUTE
    ..\\Libraries\\STM32F1xx_HAL_Driver\\Src\\stm32f1xx_hal_rtc.c 0x00000000   Number         0  stm32f1xx_hal_rtc.o ABSOLUTE
    ..\\Libraries\\STM32F1xx_HAL_Driver\\Src\\stm32f1xx_hal_rtc_ex.c 0x00000000   Number         0  stm32f1xx_hal_rtc_ex.o ABSOLUTE
    ..\\Libraries\\STM32F1xx_HAL_Driver\\Src\\stm32f1xx_hal_sd.c 0x00000000   Number         0  stm32f1xx_hal_sd.o ABSOLUTE
    ..\\Libraries\\STM32F1xx_HAL_Driver\\Src\\stm32f1xx_hal_smartcard.c 0x00000000   Number         0  stm32f1xx_hal_smartcard.o ABSOLUTE
    ..\\Libraries\\STM32F1xx_HAL_Driver\\Src\\stm32f1xx_hal_spi.c 0x00000000   Number         0  stm32f1xx_hal_spi.o ABSOLUTE
    ..\\Libraries\\STM32F1xx_HAL_Driver\\Src\\stm32f1xx_hal_sram.c 0x00000000   Number         0  stm32f1xx_hal_sram.o ABSOLUTE
    ..\\Libraries\\STM32F1xx_HAL_Driver\\Src\\stm32f1xx_hal_tim.c 0x00000000   Number         0  stm32f1xx_hal_tim.o ABSOLUTE
    ..\\Libraries\\STM32F1xx_HAL_Driver\\Src\\stm32f1xx_hal_tim_ex.c 0x00000000   Number         0  stm32f1xx_hal_tim_ex.o ABSOLUTE
    ..\\Libraries\\STM32F1xx_HAL_Driver\\Src\\stm32f1xx_hal_uart.c 0x00000000   Number         0  stm32f1xx_hal_uart.o ABSOLUTE
    ..\\Libraries\\STM32F1xx_HAL_Driver\\Src\\stm32f1xx_hal_usart.c 0x00000000   Number         0  stm32f1xx_hal_usart.o ABSOLUTE
    ..\\Libraries\\STM32F1xx_HAL_Driver\\Src\\stm32f1xx_hal_wwdg.c 0x00000000   Number         0  stm32f1xx_hal_wwdg.o ABSOLUTE
    ..\\Libraries\\STM32F1xx_HAL_Driver\\Src\\stm32f1xx_ll_fsmc.c 0x00000000   Number         0  stm32f1xx_ll_fsmc.o ABSOLUTE
    ..\\Libraries\\STM32F1xx_HAL_Driver\\Src\\stm32f1xx_ll_sdmmc.c 0x00000000   Number         0  stm32f1xx_ll_sdmmc.o ABSOLUTE
    ..\\Libraries\\STM32F1xx_HAL_Driver\\Src\\stm32f1xx_ll_usb.c 0x00000000   Number         0  stm32f1xx_ll_usb.o ABSOLUTE
    ..\\User\\Common\\Common.c               0x00000000   Number         0  common.o ABSOLUTE
    ..\\User\\ESP8266\\bsp_esp8266.c         0x00000000   Number         0  bsp_esp8266.o ABSOLUTE
    ..\\User\\ESP8266\\bsp_esp8266_mqtt.c    0x00000000   Number         0  bsp_esp8266_mqtt.o ABSOLUTE
    ..\\User\\ESP8266\\bsp_esp8266_test.c    0x00000000   Number         0  bsp_esp8266_test.o ABSOLUTE
    ..\\User\\dht11\\bsp_dht11.c             0x00000000   Number         0  bsp_dht11.o ABSOLUTE
    ..\\User\\dwt_delay\\core_delay.c        0x00000000   Number         0  core_delay.o ABSOLUTE
    ..\\User\\led\\bsp_led.c                 0x00000000   Number         0  bsp_led.o ABSOLUTE
    ..\\User\\main.c                         0x00000000   Number         0  main.o ABSOLUTE
    ..\\User\\stm32f1xx_it.c                 0x00000000   Number         0  stm32f1xx_it.o ABSOLUTE
    ..\\User\\systick\\bsp_SysTick.c         0x00000000   Number         0  bsp_systick.o ABSOLUTE
    ..\\User\\usart\\bsp_debug_usart.c       0x00000000   Number         0  bsp_debug_usart.o ABSOLUTE
    ..\\User\\wdg\\bsp_iwdg.c                0x00000000   Number         0  bsp_iwdg.o ABSOLUTE
    cdrcmple.s                               0x00000000   Number         0  cdrcmple.o ABSOLUTE
    dc.s                                     0x00000000   Number         0  dc.o ABSOLUTE
    handlers.s                               0x00000000   Number         0  handlers.o ABSOLUTE
    init.s                                   0x00000000   Number         0  init.o ABSOLUTE
    RESET                                    0x08000000   Section      304  startup_stm32f103xe.o(RESET)
    .ARM.Collect$$$$00000000                 0x08000130   Section        0  entry.o(.ARM.Collect$$$$00000000)
    .ARM.Collect$$$$00000001                 0x08000130   Section        4  entry2.o(.ARM.Collect$$$$00000001)
    .ARM.Collect$$$$00000004                 0x08000134   Section        4  entry5.o(.ARM.Collect$$$$00000004)
    .ARM.Collect$$$$00000008                 0x08000138   Section        0  entry7b.o(.ARM.Collect$$$$00000008)
    .ARM.Collect$$$$0000000A                 0x08000138   Section        0  entry8b.o(.ARM.Collect$$$$0000000A)
    .ARM.Collect$$$$0000000B                 0x08000138   Section        8  entry9a.o(.ARM.Collect$$$$0000000B)
    .ARM.Collect$$$$0000000E                 0x08000140   Section        4  entry12b.o(.ARM.Collect$$$$0000000E)
    .ARM.Collect$$$$0000000F                 0x08000144   Section        0  entry10a.o(.ARM.Collect$$$$0000000F)
    .ARM.Collect$$$$00000011                 0x08000144   Section        0  entry11a.o(.ARM.Collect$$$$00000011)
    .ARM.Collect$$$$00002712                 0x08000144   Section        4  entry2.o(.ARM.Collect$$$$00002712)
    __lit__00000000                          0x08000144   Data           4  entry2.o(.ARM.Collect$$$$00002712)
    .text                                    0x08000148   Section       36  startup_stm32f103xe.o(.text)
    .text                                    0x0800016c   Section        0  llushr.o(.text)
    .text                                    0x0800018c   Section        0  memcpya.o(.text)
    .text                                    0x080001b0   Section        0  memseta.o(.text)
    .text                                    0x080001d4   Section        0  strstr.o(.text)
    .text                                    0x080001f8   Section        0  strlen.o(.text)
    .text                                    0x08000206   Section        0  strcmp.o(.text)
    .text                                    0x08000222   Section        0  atoi.o(.text)
    .text                                    0x0800023c   Section        0  uldiv.o(.text)
    .text                                    0x0800029e   Section        0  strtol.o(.text)
    .text                                    0x08000310   Section       36  init.o(.text)
    .text                                    0x08000334   Section        0  llshl.o(.text)
    .text                                    0x08000354   Section        0  ctype_o.o(.text)
    .text                                    0x0800035c   Section        0  _strtoul.o(.text)
    .text                                    0x080003fa   Section        0  _chval.o(.text)
    i.BusFault_Handler                       0x08000416   Section        0  stm32f1xx_it.o(i.BusFault_Handler)
    i.CPU_TS_TmrInit                         0x0800041c   Section        0  core_delay.o(i.CPU_TS_TmrInit)
    i.CPU_TS_TmrRd                           0x08000444   Section        0  core_delay.o(i.CPU_TS_TmrRd)
    i.CPU_TS_Tmr_Delay_US                    0x08000450   Section        0  core_delay.o(i.CPU_TS_Tmr_Delay_US)
    i.DEBUG_USART_Config                     0x080004a4   Section        0  bsp_debug_usart.o(i.DEBUG_USART_Config)
    i.DHT11_GPIO_Config                      0x080004d0   Section        0  bsp_dht11.o(i.DHT11_GPIO_Config)
    DHT11_GPIO_Config                        0x080004d1   Thumb Code    56  bsp_dht11.o(i.DHT11_GPIO_Config)
    i.DHT11_Init                             0x08000510   Section        0  bsp_dht11.o(i.DHT11_Init)
    i.DHT11_Mode_IPU                         0x08000528   Section        0  bsp_dht11.o(i.DHT11_Mode_IPU)
    DHT11_Mode_IPU                           0x08000529   Thumb Code    24  bsp_dht11.o(i.DHT11_Mode_IPU)
    i.DHT11_Mode_Out_PP                      0x08000544   Section        0  bsp_dht11.o(i.DHT11_Mode_Out_PP)
    DHT11_Mode_Out_PP                        0x08000545   Thumb Code    24  bsp_dht11.o(i.DHT11_Mode_Out_PP)
    i.DHT11_ReadByte                         0x08000560   Section        0  bsp_dht11.o(i.DHT11_ReadByte)
    DHT11_ReadByte                           0x08000561   Thumb Code    90  bsp_dht11.o(i.DHT11_ReadByte)
    i.DHT11_Read_TempAndHumidity             0x080005c0   Section        0  bsp_dht11.o(i.DHT11_Read_TempAndHumidity)
    i.DebugMon_Handler                       0x08000668   Section        0  stm32f1xx_it.o(i.DebugMon_Handler)
    i.ESP8266_ATFrame_Reset                  0x0800066c   Section        0  bsp_esp8266.o(i.ESP8266_ATFrame_Reset)
    i.ESP8266_AT_CmdInFlight                 0x080006a8   Section        0  bsp_esp8266.o(i.ESP8266_AT_CmdInFlight)
    i.ESP8266_AT_Test                        0x080006bc   Section        0  bsp_esp8266.o(i.ESP8266_AT_Test)
    i.ESP8266_Cmd                            0x08000788   Section        0  bsp_esp8266.o(i.ESP8266_Cmd)
    i.ESP8266_DHCP_CUR                       0x08000874   Section        0  bsp_esp8266.o(i.ESP8266_DHCP_CUR)
    i.ESP8266_Enable_MultipleId              0x080008a8   Section        0  bsp_esp8266.o(i.ESP8266_Enable_MultipleId)
    i.ESP8266_GPIO_Config                    0x080008e8   Section        0  bsp_esp8266.o(i.ESP8266_GPIO_Config)
    ESP8266_GPIO_Config                      0x080008e9   Thumb Code   100  bsp_esp8266.o(i.ESP8266_GPIO_Config)
    i.ESP8266_Init                           0x08000954   Section        0  bsp_esp8266.o(i.ESP8266_Init)
    i.ESP8266_JoinAP                         0x08000978   Section        0  bsp_esp8266.o(i.ESP8266_JoinAP)
    i.ESP8266_MQTT_CLEAN                     0x080009b8   Section        0  bsp_esp8266_mqtt.o(i.ESP8266_MQTT_CLEAN)
    i.ESP8266_MQTT_CONN                      0x08000a48   Section        0  bsp_esp8266_mqtt.o(i.ESP8266_MQTT_CONN)
    i.ESP8266_MQTT_CONNCFG                   0x08000ae8   Section        0  bsp_esp8266_mqtt.o(i.ESP8266_MQTT_CONNCFG)
    i.ESP8266_MQTT_PUB_REPLY                 0x08000c84   Section        0  bsp_esp8266_mqtt.o(i.ESP8266_MQTT_PUB_REPLY)
    i.ESP8266_MQTT_PUB_STATUS                0x08000e20   Section        0  bsp_esp8266_mqtt.o(i.ESP8266_MQTT_PUB_STATUS)
    i.ESP8266_MQTT_RECV                      0x08000f7c   Section        0  bsp_esp8266_mqtt.o(i.ESP8266_MQTT_RECV)
    i.ESP8266_MQTT_SUB                       0x0800120c   Section        0  bsp_esp8266_mqtt.o(i.ESP8266_MQTT_SUB)
    i.ESP8266_MQTT_USERCFG                   0x0800149c   Section        0  bsp_esp8266_mqtt.o(i.ESP8266_MQTT_USERCFG)
    i.ESP8266_Net_Mode_Choose                0x080016d8   Section        0  bsp_esp8266.o(i.ESP8266_Net_Mode_Choose)
    i.ESP8266_Rst                            0x08001750   Section        0  bsp_esp8266.o(i.ESP8266_Rst)
    i.ESP8266_SendDHT11DataTest              0x08001778   Section        0  bsp_esp8266_test.o(i.ESP8266_SendDHT11DataTest)
    i.ESP8266_StaTcpClient_Unvarnish_ConfigTest 0x080018e4   Section        0  bsp_esp8266_test.o(i.ESP8266_StaTcpClient_Unvarnish_ConfigTest)
    i.ESP8266_USART_Config                   0x08001cb4   Section        0  bsp_esp8266.o(i.ESP8266_USART_Config)
    ESP8266_USART_Config                     0x08001cb5   Thumb Code    74  bsp_esp8266.o(i.ESP8266_USART_Config)
    i.ESP8266_USART_NVIC_Configuration       0x08001d08   Section        0  bsp_esp8266.o(i.ESP8266_USART_NVIC_Configuration)
    ESP8266_USART_NVIC_Configuration         0x08001d09   Thumb Code    26  bsp_esp8266.o(i.ESP8266_USART_NVIC_Configuration)
    i.HAL_Delay                              0x08001d24   Section        0  stm32f1xx_hal.o(i.HAL_Delay)
    i.HAL_GPIO_Init                          0x08001d4c   Section        0  stm32f1xx_hal_gpio.o(i.HAL_GPIO_Init)
    i.HAL_GPIO_ReadPin                       0x0800208c   Section        0  stm32f1xx_hal_gpio.o(i.HAL_GPIO_ReadPin)
    i.HAL_GPIO_WritePin                      0x0800209c   Section        0  stm32f1xx_hal_gpio.o(i.HAL_GPIO_WritePin)
    i.HAL_GetTick                            0x080020a8   Section        0  stm32f1xx_hal.o(i.HAL_GetTick)
    i.HAL_IWDG_Init                          0x080020b4   Section        0  stm32f1xx_hal_iwdg.o(i.HAL_IWDG_Init)
    i.HAL_IWDG_Refresh                       0x08002112   Section        0  stm32f1xx_hal_iwdg.o(i.HAL_IWDG_Refresh)
    i.HAL_IncTick                            0x08002120   Section        0  stm32f1xx_hal.o(i.HAL_IncTick)
    i.HAL_InitTick                           0x08002138   Section        0  stm32f1xx_hal.o(i.HAL_InitTick)
    i.HAL_NVIC_EnableIRQ                     0x08002184   Section        0  stm32f1xx_hal_cortex.o(i.HAL_NVIC_EnableIRQ)
    i.HAL_NVIC_SetPriority                   0x080021a4   Section        0  stm32f1xx_hal_cortex.o(i.HAL_NVIC_SetPriority)
    i.HAL_NVIC_SetPriorityGrouping           0x08002220   Section        0  stm32f1xx_hal_cortex.o(i.HAL_NVIC_SetPriorityGrouping)
    i.HAL_RCC_ClockConfig                    0x08002248   Section        0  stm32f1xx_hal_rcc.o(i.HAL_RCC_ClockConfig)
    i.HAL_RCC_GetHCLKFreq                    0x080023d4   Section        0  stm32f1xx_hal_rcc.o(i.HAL_RCC_GetHCLKFreq)
    i.HAL_RCC_GetPCLK1Freq                   0x080023e0   Section        0  stm32f1xx_hal_rcc.o(i.HAL_RCC_GetPCLK1Freq)
    i.HAL_RCC_GetPCLK2Freq                   0x08002400   Section        0  stm32f1xx_hal_rcc.o(i.HAL_RCC_GetPCLK2Freq)
    i.HAL_RCC_GetSysClockFreq                0x08002420   Section        0  stm32f1xx_hal_rcc.o(i.HAL_RCC_GetSysClockFreq)
    i.HAL_RCC_OscConfig                      0x08002490   Section        0  stm32f1xx_hal_rcc.o(i.HAL_RCC_OscConfig)
    i.HAL_SYSTICK_Config                     0x080028f4   Section        0  stm32f1xx_hal_cortex.o(i.HAL_SYSTICK_Config)
    i.HAL_UART_Init                          0x08002928   Section        0  stm32f1xx_hal_uart.o(i.HAL_UART_Init)
    i.HAL_UART_MspInit                       0x080029a0   Section        0  bsp_debug_usart.o(i.HAL_UART_MspInit)
    i.HAL_UART_Transmit                      0x08002a90   Section        0  stm32f1xx_hal_uart.o(i.HAL_UART_Transmit)
    i.HardFault_Handler                      0x08002b42   Section        0  stm32f1xx_it.o(i.HardFault_Handler)
    i.IWDG_Config                            0x08002b48   Section        0  bsp_iwdg.o(i.IWDG_Config)
    i.IWDG_Feed                              0x08002c48   Section        0  bsp_iwdg.o(i.IWDG_Feed)
    i.IWDG_GetResetReason                    0x08002c60   Section        0  bsp_iwdg.o(i.IWDG_GetResetReason)
    i.LED_GPIO_Config                        0x08002c6c   Section        0  bsp_led.o(i.LED_GPIO_Config)
    i.MemManage_Handler                      0x08002d0c   Section        0  stm32f1xx_it.o(i.MemManage_Handler)
    i.NMI_Handler                            0x08002d10   Section        0  stm32f1xx_it.o(i.NMI_Handler)
    i.PendSV_Handler                         0x08002d12   Section        0  stm32f1xx_it.o(i.PendSV_Handler)
    i.RCC_Delay                              0x08002d14   Section        0  stm32f1xx_hal_rcc.o(i.RCC_Delay)
    RCC_Delay                                0x08002d15   Thumb Code    36  stm32f1xx_hal_rcc.o(i.RCC_Delay)
    i.SVC_Handler                            0x08002d3c   Section        0  stm32f1xx_it.o(i.SVC_Handler)
    i.SysTick_Handler                        0x08002d40   Section        0  stm32f1xx_it.o(i.SysTick_Handler)
    i.SysTick_Init                           0x08002d80   Section        0  bsp_systick.o(i.SysTick_Init)
    i.SystemClock_Config                     0x08002da0   Section        0  main.o(i.SystemClock_Config)
    i.SystemInit                             0x08002e00   Section        0  system_stm32f1xx.o(i.SystemInit)
    i.UART_SetConfig                         0x08002e04   Section        0  stm32f1xx_hal_uart.o(i.UART_SetConfig)
    UART_SetConfig                           0x08002e05   Thumb Code   248  stm32f1xx_hal_uart.o(i.UART_SetConfig)
    i.UART_WaitOnFlagUntilTimeout            0x08002f00   Section        0  stm32f1xx_hal_uart.o(i.UART_WaitOnFlagUntilTimeout)
    UART_WaitOnFlagUntilTimeout              0x08002f01   Thumb Code   146  stm32f1xx_hal_uart.o(i.UART_WaitOnFlagUntilTimeout)
    i.USART1_IRQHandler                      0x08002f94   Section        0  stm32f1xx_it.o(i.USART1_IRQHandler)
    i.USART3_IRQHandler                      0x08003014   Section        0  stm32f1xx_it.o(i.USART3_IRQHandler)
    i.USART_SendByte                         0x080031c8   Section        0  common.o(i.USART_SendByte)
    USART_SendByte                           0x080031c9   Thumb Code    28  common.o(i.USART_SendByte)
    i.USART_printf                           0x080031e8   Section        0  common.o(i.USART_printf)
    i.UsageFault_Handler                     0x080032ce   Section        0  stm32f1xx_it.o(i.UsageFault_Handler)
    i.__0printf$4                            0x080032d4   Section        0  printf4.o(i.__0printf$4)
    i.__0snprintf$4                          0x080032f4   Section        0  printf4.o(i.__0snprintf$4)
    i.__0sprintf$4                           0x08003328   Section        0  printf4.o(i.__0sprintf$4)
    i.__NVIC_GetPriorityGrouping             0x08003350   Section        0  stm32f1xx_hal_cortex.o(i.__NVIC_GetPriorityGrouping)
    __NVIC_GetPriorityGrouping               0x08003351   Thumb Code    10  stm32f1xx_hal_cortex.o(i.__NVIC_GetPriorityGrouping)
    i.__NVIC_SetPriority                     0x08003360   Section        0  stm32f1xx_hal_cortex.o(i.__NVIC_SetPriority)
    __NVIC_SetPriority                       0x08003361   Thumb Code    32  stm32f1xx_hal_cortex.o(i.__NVIC_SetPriority)
    i.__aeabi_errno_addr                     0x08003388   Section        0  errno.o(i.__aeabi_errno_addr)
    i.__scatterload_copy                     0x08003390   Section       14  handlers.o(i.__scatterload_copy)
    i.__scatterload_null                     0x0800339e   Section        2  handlers.o(i.__scatterload_null)
    i.__scatterload_zeroinit                 0x080033a0   Section       14  handlers.o(i.__scatterload_zeroinit)
    i._printf_core                           0x080033b0   Section        0  printf4.o(i._printf_core)
    _printf_core                             0x080033b1   Thumb Code   552  printf4.o(i._printf_core)
    i._snputc                                0x080035dc   Section        0  printf4.o(i._snputc)
    _snputc                                  0x080035dd   Thumb Code    22  printf4.o(i._snputc)
    i._sputc                                 0x080035f2   Section        0  printf4.o(i._sputc)
    _sputc                                   0x080035f3   Thumb Code    10  printf4.o(i._sputc)
    i.do_health_check                        0x080035fc   Section        0  bsp_esp8266_test.o(i.do_health_check)
    do_health_check                          0x080035fd   Thumb Code   214  bsp_esp8266_test.o(i.do_health_check)
    i.fputc                                  0x08003764   Section        0  bsp_debug_usart.o(i.fputc)
    i.itoa                                   0x08003780   Section        0  common.o(i.itoa)
    itoa                                     0x08003781   Thumb Code    98  common.o(i.itoa)
    i.json_get_int                           0x080037e4   Section        0  bsp_esp8266_mqtt.o(i.json_get_int)
    json_get_int                             0x080037e5   Thumb Code   138  bsp_esp8266_mqtt.o(i.json_get_int)
    i.json_get_str                           0x08003878   Section        0  bsp_esp8266_mqtt.o(i.json_get_str)
    json_get_str                             0x08003879   Thumb Code   164  bsp_esp8266_mqtt.o(i.json_get_str)
    i.json_get_text                          0x08003924   Section        0  bsp_esp8266_mqtt.o(i.json_get_text)
    json_get_text                            0x08003925   Thumb Code   224  bsp_esp8266_mqtt.o(i.json_get_text)
    i.last_occurrence                        0x08003a0c   Section        0  stm32f1xx_it.o(i.last_occurrence)
    last_occurrence                          0x08003a0d   Thumb Code    44  stm32f1xx_it.o(i.last_occurrence)
    i.main                                   0x08003a38   Section        0  main.o(i.main)
    i.mqtt_link_is_online                    0x08003a98   Section        0  bsp_esp8266_mqtt.o(i.mqtt_link_is_online)
    mqtt_link_is_online                      0x08003a99   Thumb Code    18  bsp_esp8266_mqtt.o(i.mqtt_link_is_online)
    i.mqtt_rx_source_buf                     0x08003acc   Section        0  bsp_esp8266_mqtt.o(i.mqtt_rx_source_buf)
    mqtt_rx_source_buf                       0x08003acd   Thumb Code    16  bsp_esp8266_mqtt.o(i.mqtt_rx_source_buf)
    i.rebuild_full_chain                     0x08003ae8   Section        0  bsp_esp8266_test.o(i.rebuild_full_chain)
    rebuild_full_chain                       0x08003ae9   Thumb Code   102  bsp_esp8266_test.o(i.rebuild_full_chain)
    .constdata                               0x08003ba8   Section       24  system_stm32f1xx.o(.constdata)
    .constdata                               0x08003bc0   Section       18  stm32f1xx_hal_rcc.o(.constdata)
    aPLLMULFactorTable                       0x08003bc0   Data          16  stm32f1xx_hal_rcc.o(.constdata)
    aPredivFactorTable                       0x08003bd0   Data           2  stm32f1xx_hal_rcc.o(.constdata)
    .constdata                               0x08003bd2   Section      129  ctype_o.o(.constdata)
    .constdata                               0x08003c54   Section        4  ctype_o.o(.constdata)
    table                                    0x08003c54   Data           4  ctype_o.o(.constdata)
    .conststring                             0x08003c58   Section      151  main.o(.conststring)
    .conststring                             0x08003cf0   Section        8  bsp_iwdg.o(.conststring)
    .conststring                             0x08003cf8   Section      854  bsp_esp8266_test.o(.conststring)
    .conststring                             0x08004050   Section     1221  bsp_esp8266_mqtt.o(.conststring)
    .data                                    0x20000000   Section        4  system_stm32f1xx.o(.data)
    .data                                    0x20000004   Section        9  stm32f1xx_hal.o(.data)
    .data                                    0x2000000d   Section        1  main.o(.data)
    .data                                    0x2000000e   Section        2  stm32f1xx_it.o(.data)
    .data                                    0x20000010   Section        8  bsp_iwdg.o(.data)
    s_iwdg_started                           0x20000010   Data           1  bsp_iwdg.o(.data)
    s_was_wdg_reset                          0x20000011   Data           1  bsp_iwdg.o(.data)
    s_reset_reason                           0x20000014   Data           4  bsp_iwdg.o(.data)
    .data                                    0x20000018   Section        8  bsp_esp8266.o(.data)
    s_at_cmd_in_flight                       0x20000018   Data           1  bsp_esp8266.o(.data)
    .data                                    0x20000020   Section       16  bsp_esp8266_test.o(.data)
    s_pub_fail_cnt                           0x20000026   Data           1  bsp_esp8266_test.o(.data)
    s_health_fail                            0x20000027   Data           1  bsp_esp8266_test.o(.data)
    s_last_health_ms                         0x20000028   Data           4  bsp_esp8266_test.o(.data)
    s_last_pub_ok_ms                         0x2000002c   Data           4  bsp_esp8266_test.o(.data)
    .data                                    0x20000030   Section       28  bsp_esp8266_mqtt.o(.data)
    s_reply_seq                              0x20000048   Data           4  bsp_esp8266_mqtt.o(.data)
    .data                                    0x2000004c   Section        4  stdout.o(.data)
    .data                                    0x20000050   Section        4  errno.o(.data)
    _errno                                   0x20000050   Data           4  errno.o(.data)
    .bss                                     0x20000054   Section       72  bsp_debug_usart.o(.bss)
    .bss                                     0x2000009c   Section       12  bsp_iwdg.o(.bss)
    s_iwdg                                   0x2000009c   Data          12  bsp_iwdg.o(.bss)
    .bss                                     0x200000a8   Section     4172  bsp_esp8266.o(.bss)
    .bss                                     0x200010f4   Section     2080  bsp_esp8266_mqtt.o(.bss)
    s_reply_id                               0x200018f4   Data          32  bsp_esp8266_mqtt.o(.bss)
    STACK                                    0x20001918   Section     1024  startup_stm32f103xe.o(STACK)

    Global Symbols

    Symbol Name                              Value     Ov Type        Size  Object(Section)

    BuildAttributes$$THM_ISAv4$P$D$K$B$S$PE$A:L22UL41UL21$X:L11$S22US41US21$IEEE1$IW$USESV6$~STKCKD$USESV7$~SHL$OSPACE$ROPI$EBA8$MICROLIB$REQ8$PRES8$EABIv2 0x00000000   Number         0  anon$$obj.o ABSOLUTE
    __ARM_use_no_argv                        0x00000000   Number         0  main.o ABSOLUTE
    _printf_a                                0x00000000   Number         0  stubs.o ABSOLUTE
    _printf_c                                0x00000000   Number         0  stubs.o ABSOLUTE
    _printf_charcount                        0x00000000   Number         0  stubs.o ABSOLUTE
    _printf_d                                0x00000000   Number         0  stubs.o ABSOLUTE
    _printf_e                                0x00000000   Number         0  stubs.o ABSOLUTE
    _printf_f                                0x00000000   Number         0  stubs.o ABSOLUTE
    _printf_flags                            0x00000000   Number         0  stubs.o ABSOLUTE
    _printf_fp_dec                           0x00000000   Number         0  stubs.o ABSOLUTE
    _printf_fp_hex                           0x00000000   Number         0  stubs.o ABSOLUTE
    _printf_g                                0x00000000   Number         0  stubs.o ABSOLUTE
    _printf_i                                0x00000000   Number         0  stubs.o ABSOLUTE
    _printf_int_dec                          0x00000000   Number         0  stubs.o ABSOLUTE
    _printf_l                                0x00000000   Number         0  stubs.o ABSOLUTE
    _printf_lc                               0x00000000   Number         0  stubs.o ABSOLUTE
    _printf_ll                               0x00000000   Number         0  stubs.o ABSOLUTE
    _printf_lld                              0x00000000   Number         0  stubs.o ABSOLUTE
    _printf_lli                              0x00000000   Number         0  stubs.o ABSOLUTE
    _printf_llo                              0x00000000   Number         0  stubs.o ABSOLUTE
    _printf_llu                              0x00000000   Number         0  stubs.o ABSOLUTE
    _printf_llx                              0x00000000   Number         0  stubs.o ABSOLUTE
    _printf_longlong_dec                     0x00000000   Number         0  stubs.o ABSOLUTE
    _printf_longlong_hex                     0x00000000   Number         0  stubs.o ABSOLUTE
    _printf_longlong_oct                     0x00000000   Number         0  stubs.o ABSOLUTE
    _printf_ls                               0x00000000   Number         0  stubs.o ABSOLUTE
    _printf_mbtowc                           0x00000000   Number         0  stubs.o ABSOLUTE
    _printf_n                                0x00000000   Number         0  stubs.o ABSOLUTE
    _printf_o                                0x00000000   Number         0  stubs.o ABSOLUTE
    _printf_p                                0x00000000   Number         0  stubs.o ABSOLUTE
    _printf_percent                          0x00000000   Number         0  stubs.o ABSOLUTE
    _printf_pre_padding                      0x00000000   Number         0  stubs.o ABSOLUTE
    _printf_return_value                     0x00000000   Number         0  stubs.o ABSOLUTE
    _printf_s                                0x00000000   Number         0  stubs.o ABSOLUTE
    _printf_sizespec                         0x00000000   Number         0  stubs.o ABSOLUTE
    _printf_str                              0x00000000   Number         0  stubs.o ABSOLUTE
    _printf_truncate_signed                  0x00000000   Number         0  stubs.o ABSOLUTE
    _printf_truncate_unsigned                0x00000000   Number         0  stubs.o ABSOLUTE
    _printf_u                                0x00000000   Number         0  stubs.o ABSOLUTE
    _printf_wc                               0x00000000   Number         0  stubs.o ABSOLUTE
    _printf_wctomb                           0x00000000   Number         0  stubs.o ABSOLUTE
    _printf_widthprec                        0x00000000   Number         0  stubs.o ABSOLUTE
    _printf_x                                0x00000000   Number         0  stubs.o ABSOLUTE
    __arm_fini_                               - Undefined Weak Reference
    __cpp_initialize__aeabi_                  - Undefined Weak Reference
    __cxa_finalize                            - Undefined Weak Reference
    __decompress                              - Undefined Weak Reference
    _clock_init                               - Undefined Weak Reference
    _microlib_exit                            - Undefined Weak Reference
    __Vectors_Size                           0x00000130   Number         0  startup_stm32f103xe.o ABSOLUTE
    __Vectors                                0x08000000   Data           4  startup_stm32f103xe.o(RESET)
    __Vectors_End                            0x08000130   Data           0  startup_stm32f103xe.o(RESET)
    __main                                   0x08000131   Thumb Code     0  entry.o(.ARM.Collect$$$$00000000)
    _main_stk                                0x08000131   Thumb Code     0  entry2.o(.ARM.Collect$$$$00000001)
    _main_scatterload                        0x08000135   Thumb Code     0  entry5.o(.ARM.Collect$$$$00000004)
    __main_after_scatterload                 0x08000139   Thumb Code     0  entry5.o(.ARM.Collect$$$$00000004)
    _main_clock                              0x08000139   Thumb Code     0  entry7b.o(.ARM.Collect$$$$00000008)
    _main_cpp_init                           0x08000139   Thumb Code     0  entry8b.o(.ARM.Collect$$$$0000000A)
    _main_init                               0x08000139   Thumb Code     0  entry9a.o(.ARM.Collect$$$$0000000B)
    __rt_lib_shutdown_fini                   0x08000141   Thumb Code     0  entry12b.o(.ARM.Collect$$$$0000000E)
    __rt_final_cpp                           0x08000145   Thumb Code     0  entry10a.o(.ARM.Collect$$$$0000000F)
    __rt_final_exit                          0x08000145   Thumb Code     0  entry11a.o(.ARM.Collect$$$$00000011)
    Reset_Handler                            0x08000149   Thumb Code     8  startup_stm32f103xe.o(.text)
    ADC1_2_IRQHandler                        0x08000163   Thumb Code     0  startup_stm32f103xe.o(.text)
    ADC3_IRQHandler                          0x08000163   Thumb Code     0  startup_stm32f103xe.o(.text)
    CAN1_RX1_IRQHandler                      0x08000163   Thumb Code     0  startup_stm32f103xe.o(.text)
    CAN1_SCE_IRQHandler                      0x08000163   Thumb Code     0  startup_stm32f103xe.o(.text)
    DMA1_Channel1_IRQHandler                 0x08000163   Thumb Code     0  startup_stm32f103xe.o(.text)
    DMA1_Channel2_IRQHandler                 0x08000163   Thumb Code     0  startup_stm32f103xe.o(.text)
    DMA1_Channel3_IRQHandler                 0x08000163   Thumb Code     0  startup_stm32f103xe.o(.text)
    DMA1_Channel4_IRQHandler                 0x08000163   Thumb Code     0  startup_stm32f103xe.o(.text)
    DMA1_Channel5_IRQHandler                 0x08000163   Thumb Code     0  startup_stm32f103xe.o(.text)
    DMA1_Channel6_IRQHandler                 0x08000163   Thumb Code     0  startup_stm32f103xe.o(.text)
    DMA1_Channel7_IRQHandler                 0x08000163   Thumb Code     0  startup_stm32f103xe.o(.text)
    DMA2_Channel1_IRQHandler                 0x08000163   Thumb Code     0  startup_stm32f103xe.o(.text)
    DMA2_Channel2_IRQHandler                 0x08000163   Thumb Code     0  startup_stm32f103xe.o(.text)
    DMA2_Channel3_IRQHandler                 0x08000163   Thumb Code     0  startup_stm32f103xe.o(.text)
    DMA2_Channel4_5_IRQHandler               0x08000163   Thumb Code     0  startup_stm32f103xe.o(.text)
    EXTI0_IRQHandler                         0x08000163   Thumb Code     0  startup_stm32f103xe.o(.text)
    EXTI15_10_IRQHandler                     0x08000163   Thumb Code     0  startup_stm32f103xe.o(.text)
    EXTI1_IRQHandler                         0x08000163   Thumb Code     0  startup_stm32f103xe.o(.text)
    EXTI2_IRQHandler                         0x08000163   Thumb Code     0  startup_stm32f103xe.o(.text)
    EXTI3_IRQHandler                         0x08000163   Thumb Code     0  startup_stm32f103xe.o(.text)
    EXTI4_IRQHandler                         0x08000163   Thumb Code     0  startup_stm32f103xe.o(.text)
    EXTI9_5_IRQHandler                       0x08000163   Thumb Code     0  startup_stm32f103xe.o(.text)
    FLASH_IRQHandler                         0x08000163   Thumb Code     0  startup_stm32f103xe.o(.text)
    FSMC_IRQHandler                          0x08000163   Thumb Code     0  startup_stm32f103xe.o(.text)
    I2C1_ER_IRQHandler                       0x08000163   Thumb Code     0  startup_stm32f103xe.o(.text)
    I2C1_EV_IRQHandler                       0x08000163   Thumb Code     0  startup_stm32f103xe.o(.text)
    I2C2_ER_IRQHandler                       0x08000163   Thumb Code     0  startup_stm32f103xe.o(.text)
    I2C2_EV_IRQHandler                       0x08000163   Thumb Code     0  startup_stm32f103xe.o(.text)
    PVD_IRQHandler                           0x08000163   Thumb Code     0  startup_stm32f103xe.o(.text)
    RCC_IRQHandler                           0x08000163   Thumb Code     0  startup_stm32f103xe.o(.text)
    RTC_Alarm_IRQHandler                     0x08000163   Thumb Code     0  startup_stm32f103xe.o(.text)
    RTC_IRQHandler                           0x08000163   Thumb Code     0  startup_stm32f103xe.o(.text)
    SDIO_IRQHandler                          0x08000163   Thumb Code     0  startup_stm32f103xe.o(.text)
    SPI1_IRQHandler                          0x08000163   Thumb Code     0  startup_stm32f103xe.o(.text)
    SPI2_IRQHandler                          0x08000163   Thumb Code     0  startup_stm32f103xe.o(.text)
    SPI3_IRQHandler                          0x08000163   Thumb Code     0  startup_stm32f103xe.o(.text)
    TAMPER_IRQHandler                        0x08000163   Thumb Code     0  startup_stm32f103xe.o(.text)
    TIM1_BRK_IRQHandler                      0x08000163   Thumb Code     0  startup_stm32f103xe.o(.text)
    TIM1_CC_IRQHandler                       0x08000163   Thumb Code     0  startup_stm32f103xe.o(.text)
    TIM1_TRG_COM_IRQHandler                  0x08000163   Thumb Code     0  startup_stm32f103xe.o(.text)
    TIM1_UP_IRQHandler                       0x08000163   Thumb Code     0  startup_stm32f103xe.o(.text)
    TIM2_IRQHandler                          0x08000163   Thumb Code     0  startup_stm32f103xe.o(.text)
    TIM3_IRQHandler                          0x08000163   Thumb Code     0  startup_stm32f103xe.o(.text)
    TIM4_IRQHandler                          0x08000163   Thumb Code     0  startup_stm32f103xe.o(.text)
    TIM5_IRQHandler                          0x08000163   Thumb Code     0  startup_stm32f103xe.o(.text)
    TIM6_IRQHandler                          0x08000163   Thumb Code     0  startup_stm32f103xe.o(.text)
    TIM7_IRQHandler                          0x08000163   Thumb Code     0  startup_stm32f103xe.o(.text)
    TIM8_BRK_IRQHandler                      0x08000163   Thumb Code     0  startup_stm32f103xe.o(.text)
    TIM8_CC_IRQHandler                       0x08000163   Thumb Code     0  startup_stm32f103xe.o(.text)
    TIM8_TRG_COM_IRQHandler                  0x08000163   Thumb Code     0  startup_stm32f103xe.o(.text)
    TIM8_UP_IRQHandler                       0x08000163   Thumb Code     0  startup_stm32f103xe.o(.text)
    UART4_IRQHandler                         0x08000163   Thumb Code     0  startup_stm32f103xe.o(.text)
    UART5_IRQHandler                         0x08000163   Thumb Code     0  startup_stm32f103xe.o(.text)
    USART2_IRQHandler                        0x08000163   Thumb Code     0  startup_stm32f103xe.o(.text)
    USBWakeUp_IRQHandler                     0x08000163   Thumb Code     0  startup_stm32f103xe.o(.text)
    USB_HP_CAN1_TX_IRQHandler                0x08000163   Thumb Code     0  startup_stm32f103xe.o(.text)
    USB_LP_CAN1_RX0_IRQHandler               0x08000163   Thumb Code     0  startup_stm32f103xe.o(.text)
    WWDG_IRQHandler                          0x08000163   Thumb Code     0  startup_stm32f103xe.o(.text)
    __aeabi_llsr                             0x0800016d   Thumb Code    32  llushr.o(.text)
    _ll_ushift_r                             0x0800016d   Thumb Code     0  llushr.o(.text)
    __aeabi_memcpy                           0x0800018d   Thumb Code    36  memcpya.o(.text)
    __aeabi_memcpy4                          0x0800018d   Thumb Code     0  memcpya.o(.text)
    __aeabi_memcpy8                          0x0800018d   Thumb Code     0  memcpya.o(.text)
    __aeabi_memset                           0x080001b1   Thumb Code    14  memseta.o(.text)
    __aeabi_memset4                          0x080001b1   Thumb Code     0  memseta.o(.text)
    __aeabi_memset8                          0x080001b1   Thumb Code     0  memseta.o(.text)
    __aeabi_memclr                           0x080001bf   Thumb Code     4  memseta.o(.text)
    __aeabi_memclr4                          0x080001bf   Thumb Code     0  memseta.o(.text)
    __aeabi_memclr8                          0x080001bf   Thumb Code     0  memseta.o(.text)
    _memset$wrapper                          0x080001c3   Thumb Code    18  memseta.o(.text)
    strstr                                   0x080001d5   Thumb Code    36  strstr.o(.text)
    strlen                                   0x080001f9   Thumb Code    14  strlen.o(.text)
    strcmp                                   0x08000207   Thumb Code    28  strcmp.o(.text)
    atoi                                     0x08000223   Thumb Code    26  atoi.o(.text)
    __aeabi_uldivmod                         0x0800023d   Thumb Code    98  uldiv.o(.text)
    strtol                                   0x0800029f   Thumb Code   112  strtol.o(.text)
    __scatterload                            0x08000311   Thumb Code    28  init.o(.text)
    __scatterload_rt2                        0x08000311   Thumb Code     0  init.o(.text)
    __aeabi_llsl                             0x08000335   Thumb Code    30  llshl.o(.text)
    _ll_shift_l                              0x08000335   Thumb Code     0  llshl.o(.text)
    __rt_ctype_table                         0x08000355   Thumb Code     4  ctype_o.o(.text)
    _strtoul                                 0x0800035d   Thumb Code   158  _strtoul.o(.text)
    _chval                                   0x080003fb   Thumb Code    28  _chval.o(.text)
    BusFault_Handler                         0x08000417   Thumb Code     4  stm32f1xx_it.o(i.BusFault_Handler)
    CPU_TS_TmrInit                           0x0800041d   Thumb Code    30  core_delay.o(i.CPU_TS_TmrInit)
    CPU_TS_TmrRd                             0x08000445   Thumb Code     6  core_delay.o(i.CPU_TS_TmrRd)
    CPU_TS_Tmr_Delay_US                      0x08000451   Thumb Code    76  core_delay.o(i.CPU_TS_Tmr_Delay_US)
    DEBUG_USART_Config                       0x080004a5   Thumb Code    36  bsp_debug_usart.o(i.DEBUG_USART_Config)
    DHT11_Init                               0x08000511   Thumb Code    18  bsp_dht11.o(i.DHT11_Init)
    DHT11_Read_TempAndHumidity               0x080005c1   Thumb Code   162  bsp_dht11.o(i.DHT11_Read_TempAndHumidity)
    DebugMon_Handler                         0x08000669   Thumb Code     2  stm32f1xx_it.o(i.DebugMon_Handler)
    ESP8266_ATFrame_Reset                    0x0800066d   Thumb Code    54  bsp_esp8266.o(i.ESP8266_ATFrame_Reset)
    ESP8266_AT_CmdInFlight                   0x080006a9   Thumb Code    14  bsp_esp8266.o(i.ESP8266_AT_CmdInFlight)
    ESP8266_AT_Test                          0x080006bd   Thumb Code    82  bsp_esp8266.o(i.ESP8266_AT_Test)
    ESP8266_Cmd                              0x08000789   Thumb Code   202  bsp_esp8266.o(i.ESP8266_Cmd)
    ESP8266_DHCP_CUR                         0x08000875   Thumb Code    30  bsp_esp8266.o(i.ESP8266_DHCP_CUR)
    ESP8266_Enable_MultipleId                0x080008a9   Thumb Code    42  bsp_esp8266.o(i.ESP8266_Enable_MultipleId)
    ESP8266_Init                             0x08000955   Thumb Code    32  bsp_esp8266.o(i.ESP8266_Init)
    ESP8266_JoinAP                           0x08000979   Thumb Code    38  bsp_esp8266.o(i.ESP8266_JoinAP)
    ESP8266_MQTT_CLEAN                       0x080009b9   Thumb Code    38  bsp_esp8266_mqtt.o(i.ESP8266_MQTT_CLEAN)
    ESP8266_MQTT_CONN                        0x08000a49   Thumb Code    64  bsp_esp8266_mqtt.o(i.ESP8266_MQTT_CONN)
    ESP8266_MQTT_CONNCFG                     0x08000ae9   Thumb Code   104  bsp_esp8266_mqtt.o(i.ESP8266_MQTT_CONNCFG)
    ESP8266_MQTT_PUB_REPLY                   0x08000c85   Thumb Code   256  bsp_esp8266_mqtt.o(i.ESP8266_MQTT_PUB_REPLY)
    ESP8266_MQTT_PUB_STATUS                  0x08000e21   Thumb Code   198  bsp_esp8266_mqtt.o(i.ESP8266_MQTT_PUB_STATUS)
    ESP8266_MQTT_RECV                        0x08000f7d   Thumb Code   334  bsp_esp8266_mqtt.o(i.ESP8266_MQTT_RECV)
    ESP8266_MQTT_SUB                         0x0800120d   Thumb Code   278  bsp_esp8266_mqtt.o(i.ESP8266_MQTT_SUB)
    ESP8266_MQTT_USERCFG                     0x0800149d   Thumb Code   180  bsp_esp8266_mqtt.o(i.ESP8266_MQTT_USERCFG)
    ESP8266_Net_Mode_Choose                  0x080016d9   Thumb Code    68  bsp_esp8266.o(i.ESP8266_Net_Mode_Choose)
    ESP8266_Rst                              0x08001751   Thumb Code    34  bsp_esp8266.o(i.ESP8266_Rst)
    ESP8266_SendDHT11DataTest                0x08001779   Thumb Code   214  bsp_esp8266_test.o(i.ESP8266_SendDHT11DataTest)
    ESP8266_StaTcpClient_Unvarnish_ConfigTest 0x080018e5   Thumb Code   370  bsp_esp8266_test.o(i.ESP8266_StaTcpClient_Unvarnish_ConfigTest)
    HAL_Delay                                0x08001d25   Thumb Code    36  stm32f1xx_hal.o(i.HAL_Delay)
    HAL_GPIO_Init                            0x08001d4d   Thumb Code   792  stm32f1xx_hal_gpio.o(i.HAL_GPIO_Init)
    HAL_GPIO_ReadPin                         0x0800208d   Thumb Code    16  stm32f1xx_hal_gpio.o(i.HAL_GPIO_ReadPin)
    HAL_GPIO_WritePin                        0x0800209d   Thumb Code    12  stm32f1xx_hal_gpio.o(i.HAL_GPIO_WritePin)
    HAL_GetTick                              0x080020a9   Thumb Code     6  stm32f1xx_hal.o(i.HAL_GetTick)
    HAL_IWDG_Init                            0x080020b5   Thumb Code    94  stm32f1xx_hal_iwdg.o(i.HAL_IWDG_Init)
    HAL_IWDG_Refresh                         0x08002113   Thumb Code    14  stm32f1xx_hal_iwdg.o(i.HAL_IWDG_Refresh)
    HAL_IncTick                              0x08002121   Thumb Code    16  stm32f1xx_hal.o(i.HAL_IncTick)
    HAL_InitTick                             0x08002139   Thumb Code    64  stm32f1xx_hal.o(i.HAL_InitTick)
    HAL_NVIC_EnableIRQ                       0x08002185   Thumb Code    32  stm32f1xx_hal_cortex.o(i.HAL_NVIC_EnableIRQ)
    HAL_NVIC_SetPriority                     0x080021a5   Thumb Code   124  stm32f1xx_hal_cortex.o(i.HAL_NVIC_SetPriority)
    HAL_NVIC_SetPriorityGrouping             0x08002221   Thumb Code    32  stm32f1xx_hal_cortex.o(i.HAL_NVIC_SetPriorityGrouping)
    HAL_RCC_ClockConfig                      0x08002249   Thumb Code   376  stm32f1xx_hal_rcc.o(i.HAL_RCC_ClockConfig)
    HAL_RCC_GetHCLKFreq                      0x080023d5   Thumb Code     6  stm32f1xx_hal_rcc.o(i.HAL_RCC_GetHCLKFreq)
    HAL_RCC_GetPCLK1Freq                     0x080023e1   Thumb Code    22  stm32f1xx_hal_rcc.o(i.HAL_RCC_GetPCLK1Freq)
    HAL_RCC_GetPCLK2Freq                     0x08002401   Thumb Code    22  stm32f1xx_hal_rcc.o(i.HAL_RCC_GetPCLK2Freq)
    HAL_RCC_GetSysClockFreq                  0x08002421   Thumb Code    92  stm32f1xx_hal_rcc.o(i.HAL_RCC_GetSysClockFreq)
    HAL_RCC_OscConfig                        0x08002491   Thumb Code  1114  stm32f1xx_hal_rcc.o(i.HAL_RCC_OscConfig)
    HAL_SYSTICK_Config                       0x080028f5   Thumb Code    52  stm32f1xx_hal_cortex.o(i.HAL_SYSTICK_Config)
    HAL_UART_Init                            0x08002929   Thumb Code   118  stm32f1xx_hal_uart.o(i.HAL_UART_Init)
    HAL_UART_MspInit                         0x080029a1   Thumb Code   228  bsp_debug_usart.o(i.HAL_UART_MspInit)
    HAL_UART_Transmit                        0x08002a91   Thumb Code   178  stm32f1xx_hal_uart.o(i.HAL_UART_Transmit)
    HardFault_Handler                        0x08002b43   Thumb Code     4  stm32f1xx_it.o(i.HardFault_Handler)
    IWDG_Config                              0x08002b49   Thumb Code   144  bsp_iwdg.o(i.IWDG_Config)
    IWDG_Feed                                0x08002c49   Thumb Code    16  bsp_iwdg.o(i.IWDG_Feed)
    IWDG_GetResetReason                      0x08002c61   Thumb Code     6  bsp_iwdg.o(i.IWDG_GetResetReason)
    LED_GPIO_Config                          0x08002c6d   Thumb Code   150  bsp_led.o(i.LED_GPIO_Config)
    MemManage_Handler                        0x08002d0d   Thumb Code     4  stm32f1xx_it.o(i.MemManage_Handler)
    NMI_Handler                              0x08002d11   Thumb Code     2  stm32f1xx_it.o(i.NMI_Handler)
    PendSV_Handler                           0x08002d13   Thumb Code     2  stm32f1xx_it.o(i.PendSV_Handler)
    SVC_Handler                              0x08002d3d   Thumb Code     2  stm32f1xx_it.o(i.SVC_Handler)
    SysTick_Handler                          0x08002d41   Thumb Code    50  stm32f1xx_it.o(i.SysTick_Handler)
    SysTick_Init                             0x08002d81   Thumb Code    28  bsp_systick.o(i.SysTick_Init)
    SystemClock_Config                       0x08002da1   Thumb Code    96  main.o(i.SystemClock_Config)
    SystemInit                               0x08002e01   Thumb Code     2  system_stm32f1xx.o(i.SystemInit)
    USART1_IRQHandler                        0x08002f95   Thumb Code   118  stm32f1xx_it.o(i.USART1_IRQHandler)
    USART3_IRQHandler                        0x08003015   Thumb Code   338  stm32f1xx_it.o(i.USART3_IRQHandler)
    USART_printf                             0x080031e9   Thumb Code   230  common.o(i.USART_printf)
    UsageFault_Handler                       0x080032cf   Thumb Code     4  stm32f1xx_it.o(i.UsageFault_Handler)
    __0printf$4                              0x080032d5   Thumb Code    22  printf4.o(i.__0printf$4)
    __1printf$4                              0x080032d5   Thumb Code     0  printf4.o(i.__0printf$4)
    __2printf                                0x080032d5   Thumb Code     0  printf4.o(i.__0printf$4)
    __0snprintf$4                            0x080032f5   Thumb Code    48  printf4.o(i.__0snprintf$4)
    __1snprintf$4                            0x080032f5   Thumb Code     0  printf4.o(i.__0snprintf$4)
    __2snprintf                              0x080032f5   Thumb Code     0  printf4.o(i.__0snprintf$4)
    __0sprintf$4                             0x08003329   Thumb Code    34  printf4.o(i.__0sprintf$4)
    __1sprintf$4                             0x08003329   Thumb Code     0  printf4.o(i.__0sprintf$4)
    __2sprintf                               0x08003329   Thumb Code     0  printf4.o(i.__0sprintf$4)
    __aeabi_errno_addr                       0x08003389   Thumb Code     4  errno.o(i.__aeabi_errno_addr)
    __rt_errno_addr                          0x08003389   Thumb Code     0  errno.o(i.__aeabi_errno_addr)
    __scatterload_copy                       0x08003391   Thumb Code    14  handlers.o(i.__scatterload_copy)
    __scatterload_null                       0x0800339f   Thumb Code     2  handlers.o(i.__scatterload_null)
    __scatterload_zeroinit                   0x080033a1   Thumb Code    14  handlers.o(i.__scatterload_zeroinit)
    fputc                                    0x08003765   Thumb Code    22  bsp_debug_usart.o(i.fputc)
    main                                     0x08003a39   Thumb Code    64  main.o(i.main)
    AHBPrescTable                            0x08003ba8   Data          16  system_stm32f1xx.o(.constdata)
    APBPrescTable                            0x08003bb8   Data           8  system_stm32f1xx.o(.constdata)
    __ctype_table                            0x08003bd2   Data         129  ctype_o.o(.constdata)
    Region$$Table$$Base                      0x08004518   Number         0  anon$$obj.o(Region$$Table)
    Region$$Table$$Limit                     0x08004538   Number         0  anon$$obj.o(Region$$Table)
    SystemCoreClock                          0x20000000   Data           4  system_stm32f1xx.o(.data)
    uwTick                                   0x20000004   Data           4  stm32f1xx_hal.o(.data)
    uwTickPrio                               0x20000008   Data           4  stm32f1xx_hal.o(.data)
    uwTickFreq                               0x2000000c   Data           1  stm32f1xx_hal.o(.data)
    publish_flag                             0x2000000d   Data           1  main.o(.data)
    publish_task_time                        0x2000000e   Data           2  stm32f1xx_it.o(.data)
    g_esp8266_rx_drop                        0x2000001c   Data           4  bsp_esp8266.o(.data)
    DHT11_Data                               0x20000020   Data           5  bsp_esp8266_test.o(.data)
    ucTcpClosedFlag                          0x20000025   Data           1  bsp_esp8266_test.o(.data)
    led_value                                0x20000030   Data           4  bsp_esp8266_mqtt.o(.data)
    mqtt_flag                                0x20000034   Data           1  bsp_esp8266_mqtt.o(.data)
    g_current_power                          0x20000038   Data           4  bsp_esp8266_mqtt.o(.data)
    g_current_voltage                        0x2000003c   Data           4  bsp_esp8266_mqtt.o(.data)
    g_current_current                        0x20000040   Data           4  bsp_esp8266_mqtt.o(.data)
    g_onoff_state                            0x20000044   Data           1  bsp_esp8266_mqtt.o(.data)
    g_mqtt_rx_pending                        0x20000045   Data           1  bsp_esp8266_mqtt.o(.data)
    g_mqtt_rx_len                            0x20000046   Data           2  bsp_esp8266_mqtt.o(.data)
    __stdout                                 0x2000004c   Data           4  stdout.o(.data)
    UartHandle                               0x20000054   Data          72  bsp_debug_usart.o(.bss)
    strEsp8266_Fram_Record                   0x200000a8   Data        2050  bsp_esp8266.o(.bss)
    strUSART_Fram_Record                     0x200008aa   Data        2050  bsp_esp8266.o(.bss)
    Uart3Handle                              0x200010ac   Data          72  bsp_esp8266.o(.bss)
    g_mqtt_rx_frame                          0x200010f4   Data        2048  bsp_esp8266_mqtt.o(.bss)
    __initial_sp                             0x20001d18   Data           0  startup_stm32f103xe.o(STACK)



==============================================================================

Memory Map of the image

  Image Entry point : 0x08000131

  Load Region LR_IROM1 (Base: 0x08000000, Size: 0x0000458c, Max: 0x00080000, ABSOLUTE)

    Execution Region ER_IROM1 (Exec base: 0x08000000, Load base: 0x08000000, Size: 0x00004538, Max: 0x00080000, ABSOLUTE)

    Exec Addr    Load Addr    Size         Type   Attr      Idx    E Section Name        Object

    0x08000000   0x08000000   0x00000130   Data   RO            3    RESET               startup_stm32f103xe.o
    0x08000130   0x08000130   0x00000000   Code   RO         8021  * .ARM.Collect$$$$00000000  mc_w.l(entry.o)
    0x08000130   0x08000130   0x00000004   Code   RO         8301    .ARM.Collect$$$$00000001  mc_w.l(entry2.o)
    0x08000134   0x08000134   0x00000004   Code   RO         8304    .ARM.Collect$$$$00000004  mc_w.l(entry5.o)
    0x08000138   0x08000138   0x00000000   Code   RO         8306    .ARM.Collect$$$$00000008  mc_w.l(entry7b.o)
    0x08000138   0x08000138   0x00000000   Code   RO         8308    .ARM.Collect$$$$0000000A  mc_w.l(entry8b.o)
    0x08000138   0x08000138   0x00000008   Code   RO         8309    .ARM.Collect$$$$0000000B  mc_w.l(entry9a.o)
    0x08000140   0x08000140   0x00000004   Code   RO         8316    .ARM.Collect$$$$0000000E  mc_w.l(entry12b.o)
    0x08000144   0x08000144   0x00000000   Code   RO         8311    .ARM.Collect$$$$0000000F  mc_w.l(entry10a.o)
    0x08000144   0x08000144   0x00000000   Code   RO         8313    .ARM.Collect$$$$00000011  mc_w.l(entry11a.o)
    0x08000144   0x08000144   0x00000004   Code   RO         8302    .ARM.Collect$$$$00002712  mc_w.l(entry2.o)
    0x08000148   0x08000148   0x00000024   Code   RO            4    .text               startup_stm32f103xe.o
    0x0800016c   0x0800016c   0x00000020   Code   RO         8024    .text               mc_w.l(llushr.o)
    0x0800018c   0x0800018c   0x00000024   Code   RO         8026    .text               mc_w.l(memcpya.o)
    0x080001b0   0x080001b0   0x00000024   Code   RO         8028    .text               mc_w.l(memseta.o)
    0x080001d4   0x080001d4   0x00000024   Code   RO         8030    .text               mc_w.l(strstr.o)
    0x080001f8   0x080001f8   0x0000000e   Code   RO         8032    .text               mc_w.l(strlen.o)
    0x08000206   0x08000206   0x0000001c   Code   RO         8034    .text               mc_w.l(strcmp.o)
    0x08000222   0x08000222   0x0000001a   Code   RO         8299    .text               mc_w.l(atoi.o)
    0x0800023c   0x0800023c   0x00000062   Code   RO         8320    .text               mc_w.l(uldiv.o)
    0x0800029e   0x0800029e   0x00000070   Code   RO         8329    .text               mc_w.l(strtol.o)
    0x0800030e   0x0800030e   0x00000002   PAD
    0x08000310   0x08000310   0x00000024   Code   RO         8342    .text               mc_w.l(init.o)
    0x08000334   0x08000334   0x0000001e   Code   RO         8344    .text               mc_w.l(llshl.o)
    0x08000352   0x08000352   0x00000002   PAD
    0x08000354   0x08000354   0x00000008   Code   RO         8348    .text               mc_w.l(ctype_o.o)
    0x0800035c   0x0800035c   0x0000009e   Code   RO         8376    .text               mc_w.l(_strtoul.o)
    0x080003fa   0x080003fa   0x0000001c   Code   RO         8380    .text               mc_w.l(_chval.o)
    0x08000416   0x08000416   0x00000004   Code   RO         7333    i.BusFault_Handler  stm32f1xx_it.o
    0x0800041a   0x0800041a   0x00000002   PAD
    0x0800041c   0x0800041c   0x00000028   Code   RO         7507    i.CPU_TS_TmrInit    core_delay.o
    0x08000444   0x08000444   0x0000000c   Code   RO         7508    i.CPU_TS_TmrRd      core_delay.o
    0x08000450   0x08000450   0x00000054   Code   RO         7509    i.CPU_TS_Tmr_Delay_US  core_delay.o
    0x080004a4   0x080004a4   0x0000002c   Code   RO         7429    i.DEBUG_USART_Config  bsp_debug_usart.o
    0x080004d0   0x080004d0   0x00000040   Code   RO         7543    i.DHT11_GPIO_Config  bsp_dht11.o
    0x08000510   0x08000510   0x00000018   Code   RO         7544    i.DHT11_Init        bsp_dht11.o
    0x08000528   0x08000528   0x0000001c   Code   RO         7545    i.DHT11_Mode_IPU    bsp_dht11.o
    0x08000544   0x08000544   0x0000001c   Code   RO         7546    i.DHT11_Mode_Out_PP  bsp_dht11.o
    0x08000560   0x08000560   0x00000060   Code   RO         7547    i.DHT11_ReadByte    bsp_dht11.o
    0x080005c0   0x080005c0   0x000000a8   Code   RO         7548    i.DHT11_Read_TempAndHumidity  bsp_dht11.o
    0x08000668   0x08000668   0x00000002   Code   RO         7334    i.DebugMon_Handler  stm32f1xx_it.o
    0x0800066a   0x0800066a   0x00000002   PAD
    0x0800066c   0x0800066c   0x0000003c   Code   RO         7676    i.ESP8266_ATFrame_Reset  bsp_esp8266.o
    0x080006a8   0x080006a8   0x00000014   Code   RO         7677    i.ESP8266_AT_CmdInFlight  bsp_esp8266.o
    0x080006bc   0x080006bc   0x000000cc   Code   RO         7678    i.ESP8266_AT_Test   bsp_esp8266.o
    0x08000788   0x08000788   0x000000ec   Code   RO         7680    i.ESP8266_Cmd       bsp_esp8266.o
    0x08000874   0x08000874   0x00000034   Code   RO         7681    i.ESP8266_DHCP_CUR  bsp_esp8266.o
    0x080008a8   0x080008a8   0x00000040   Code   RO         7682    i.ESP8266_Enable_MultipleId  bsp_esp8266.o
    0x080008e8   0x080008e8   0x0000006c   Code   RO         7684    i.ESP8266_GPIO_Config  bsp_esp8266.o
    0x08000954   0x08000954   0x00000024   Code   RO         7687    i.ESP8266_Init      bsp_esp8266.o
    0x08000978   0x08000978   0x00000040   Code   RO         7689    i.ESP8266_JoinAP    bsp_esp8266.o
    0x080009b8   0x080009b8   0x00000090   Code   RO         7925    i.ESP8266_MQTT_CLEAN  bsp_esp8266_mqtt.o
    0x08000a48   0x08000a48   0x000000a0   Code   RO         7926    i.ESP8266_MQTT_CONN  bsp_esp8266_mqtt.o
    0x08000ae8   0x08000ae8   0x0000019c   Code   RO         7927    i.ESP8266_MQTT_CONNCFG  bsp_esp8266_mqtt.o
    0x08000c84   0x08000c84   0x0000019c   Code   RO         7928    i.ESP8266_MQTT_PUB_REPLY  bsp_esp8266_mqtt.o
    0x08000e20   0x08000e20   0x0000015c   Code   RO         7929    i.ESP8266_MQTT_PUB_STATUS  bsp_esp8266_mqtt.o
    0x08000f7c   0x08000f7c   0x00000290   Code   RO         7930    i.ESP8266_MQTT_RECV  bsp_esp8266_mqtt.o
    0x0800120c   0x0800120c   0x00000290   Code   RO         7931    i.ESP8266_MQTT_SUB  bsp_esp8266_mqtt.o
    0x0800149c   0x0800149c   0x0000023c   Code   RO         7932    i.ESP8266_MQTT_USERCFG  bsp_esp8266_mqtt.o
    0x080016d8   0x080016d8   0x00000078   Code   RO         7691    i.ESP8266_Net_Mode_Choose  bsp_esp8266.o
    0x08001750   0x08001750   0x00000028   Code   RO         7693    i.ESP8266_Rst       bsp_esp8266.o
    0x08001778   0x08001778   0x0000016c   Code   RO         7839    i.ESP8266_SendDHT11DataTest  bsp_esp8266_test.o
    0x080018e4   0x080018e4   0x000003d0   Code   RO         7840    i.ESP8266_StaTcpClient_Unvarnish_ConfigTest  bsp_esp8266_test.o
    0x08001cb4   0x08001cb4   0x00000054   Code   RO         7696    i.ESP8266_USART_Config  bsp_esp8266.o
    0x08001d08   0x08001d08   0x0000001a   Code   RO         7697    i.ESP8266_USART_NVIC_Configuration  bsp_esp8266.o
    0x08001d22   0x08001d22   0x00000002   PAD
    0x08001d24   0x08001d24   0x00000028   Code   RO          219    i.HAL_Delay         stm32f1xx_hal.o
    0x08001d4c   0x08001d4c   0x00000340   Code   RO         1665    i.HAL_GPIO_Init     stm32f1xx_hal_gpio.o
    0x0800208c   0x0800208c   0x00000010   Code   RO         1667    i.HAL_GPIO_ReadPin  stm32f1xx_hal_gpio.o
    0x0800209c   0x0800209c   0x0000000c   Code   RO         1669    i.HAL_GPIO_WritePin  stm32f1xx_hal_gpio.o
    0x080020a8   0x080020a8   0x0000000c   Code   RO          223    i.HAL_GetTick       stm32f1xx_hal.o
    0x080020b4   0x080020b4   0x0000005e   Code   RO         2726    i.HAL_IWDG_Init     stm32f1xx_hal_iwdg.o
    0x08002112   0x08002112   0x0000000e   Code   RO         2727    i.HAL_IWDG_Refresh  stm32f1xx_hal_iwdg.o
    0x08002120   0x08002120   0x00000018   Code   RO          229    i.HAL_IncTick       stm32f1xx_hal.o
    0x08002138   0x08002138   0x0000004c   Code   RO          231    i.HAL_InitTick      stm32f1xx_hal.o
    0x08002184   0x08002184   0x00000020   Code   RO          920    i.HAL_NVIC_EnableIRQ  stm32f1xx_hal_cortex.o
    0x080021a4   0x080021a4   0x0000007c   Code   RO          926    i.HAL_NVIC_SetPriority  stm32f1xx_hal_cortex.o
    0x08002220   0x08002220   0x00000028   Code   RO          927    i.HAL_NVIC_SetPriorityGrouping  stm32f1xx_hal_cortex.o
    0x08002248   0x08002248   0x0000018c   Code   RO         3571    i.HAL_RCC_ClockConfig  stm32f1xx_hal_rcc.o
    0x080023d4   0x080023d4   0x0000000c   Code   RO         3576    i.HAL_RCC_GetHCLKFreq  stm32f1xx_hal_rcc.o
    0x080023e0   0x080023e0   0x00000020   Code   RO         3578    i.HAL_RCC_GetPCLK1Freq  stm32f1xx_hal_rcc.o
    0x08002400   0x08002400   0x00000020   Code   RO         3579    i.HAL_RCC_GetPCLK2Freq  stm32f1xx_hal_rcc.o
    0x08002420   0x08002420   0x00000070   Code   RO         3580    i.HAL_RCC_GetSysClockFreq  stm32f1xx_hal_rcc.o
    0x08002490   0x08002490   0x00000464   Code   RO         3583    i.HAL_RCC_OscConfig  stm32f1xx_hal_rcc.o
    0x080028f4   0x080028f4   0x00000034   Code   RO          931    i.HAL_SYSTICK_Config  stm32f1xx_hal_cortex.o
    0x08002928   0x08002928   0x00000076   Code   RO         5987    i.HAL_UART_Init     stm32f1xx_hal_uart.o
    0x0800299e   0x0800299e   0x00000002   PAD
    0x080029a0   0x080029a0   0x000000f0   Code   RO         7430    i.HAL_UART_MspInit  bsp_debug_usart.o
    0x08002a90   0x08002a90   0x000000b2   Code   RO         5995    i.HAL_UART_Transmit  stm32f1xx_hal_uart.o
    0x08002b42   0x08002b42   0x00000004   Code   RO         7335    i.HardFault_Handler  stm32f1xx_it.o
    0x08002b46   0x08002b46   0x00000002   PAD
    0x08002b48   0x08002b48   0x00000100   Code   RO         7630    i.IWDG_Config       bsp_iwdg.o
    0x08002c48   0x08002c48   0x00000018   Code   RO         7631    i.IWDG_Feed         bsp_iwdg.o
    0x08002c60   0x08002c60   0x0000000c   Code   RO         7632    i.IWDG_GetResetReason  bsp_iwdg.o
    0x08002c6c   0x08002c6c   0x000000a0   Code   RO         7483    i.LED_GPIO_Config   bsp_led.o
    0x08002d0c   0x08002d0c   0x00000004   Code   RO         7336    i.MemManage_Handler  stm32f1xx_it.o
    0x08002d10   0x08002d10   0x00000002   Code   RO         7337    i.NMI_Handler       stm32f1xx_it.o
    0x08002d12   0x08002d12   0x00000002   Code   RO         7338    i.PendSV_Handler    stm32f1xx_it.o
    0x08002d14   0x08002d14   0x00000028   Code   RO         3584    i.RCC_Delay         stm32f1xx_hal_rcc.o
    0x08002d3c   0x08002d3c   0x00000002   Code   RO         7339    i.SVC_Handler       stm32f1xx_it.o
    0x08002d3e   0x08002d3e   0x00000002   PAD
    0x08002d40   0x08002d40   0x00000040   Code   RO         7340    i.SysTick_Handler   stm32f1xx_it.o
    0x08002d80   0x08002d80   0x00000020   Code   RO         7888    i.SysTick_Init      bsp_systick.o
    0x08002da0   0x08002da0   0x00000060   Code   RO         7249    i.SystemClock_Config  main.o
    0x08002e00   0x08002e00   0x00000002   Code   RO           14    i.SystemInit        system_stm32f1xx.o
    0x08002e02   0x08002e02   0x00000002   PAD
    0x08002e04   0x08002e04   0x000000fc   Code   RO         6014    i.UART_SetConfig    stm32f1xx_hal_uart.o
    0x08002f00   0x08002f00   0x00000092   Code   RO         6018    i.UART_WaitOnFlagUntilTimeout  stm32f1xx_hal_uart.o
    0x08002f92   0x08002f92   0x00000002   PAD
    0x08002f94   0x08002f94   0x00000080   Code   RO         7341    i.USART1_IRQHandler  stm32f1xx_it.o
    0x08003014   0x08003014   0x000001b4   Code   RO         7342    i.USART3_IRQHandler  stm32f1xx_it.o
    0x080031c8   0x080031c8   0x00000020   Code   RO         7593    i.USART_SendByte    common.o
    0x080031e8   0x080031e8   0x000000e6   Code   RO         7594    i.USART_printf      common.o
    0x080032ce   0x080032ce   0x00000004   Code   RO         7343    i.UsageFault_Handler  stm32f1xx_it.o
    0x080032d2   0x080032d2   0x00000002   PAD
    0x080032d4   0x080032d4   0x00000020   Code   RO         8149    i.__0printf$4       mc_w.l(printf4.o)
    0x080032f4   0x080032f4   0x00000034   Code   RO         8150    i.__0snprintf$4     mc_w.l(printf4.o)
    0x08003328   0x08003328   0x00000028   Code   RO         8151    i.__0sprintf$4      mc_w.l(printf4.o)
    0x08003350   0x08003350   0x00000010   Code   RO          933    i.__NVIC_GetPriorityGrouping  stm32f1xx_hal_cortex.o
    0x08003360   0x08003360   0x00000028   Code   RO          934    i.__NVIC_SetPriority  stm32f1xx_hal_cortex.o
    0x08003388   0x08003388   0x00000008   Code   RO         8322    i.__aeabi_errno_addr  mc_w.l(errno.o)
    0x08003390   0x08003390   0x0000000e   Code   RO         8384    i.__scatterload_copy  mc_w.l(handlers.o)
    0x0800339e   0x0800339e   0x00000002   Code   RO         8385    i.__scatterload_null  mc_w.l(handlers.o)
    0x080033a0   0x080033a0   0x0000000e   Code   RO         8386    i.__scatterload_zeroinit  mc_w.l(handlers.o)
    0x080033ae   0x080033ae   0x00000002   PAD
    0x080033b0   0x080033b0   0x0000022c   Code   RO         8156    i._printf_core      mc_w.l(printf4.o)
    0x080035dc   0x080035dc   0x00000016   Code   RO         8157    i._snputc           mc_w.l(printf4.o)
    0x080035f2   0x080035f2   0x0000000a   Code   RO         8158    i._sputc            mc_w.l(printf4.o)
    0x080035fc   0x080035fc   0x00000168   Code   RO         7841    i.do_health_check   bsp_esp8266_test.o
    0x08003764   0x08003764   0x0000001c   Code   RO         7433    i.fputc             bsp_debug_usart.o
    0x08003780   0x08003780   0x00000062   Code   RO         7595    i.itoa              common.o
    0x080037e2   0x080037e2   0x00000002   PAD
    0x080037e4   0x080037e4   0x00000094   Code   RO         7933    i.json_get_int      bsp_esp8266_mqtt.o
    0x08003878   0x08003878   0x000000ac   Code   RO         7934    i.json_get_str      bsp_esp8266_mqtt.o
    0x08003924   0x08003924   0x000000e8   Code   RO         7935    i.json_get_text     bsp_esp8266_mqtt.o
    0x08003a0c   0x08003a0c   0x0000002c   Code   RO         7344    i.last_occurrence   stm32f1xx_it.o
    0x08003a38   0x08003a38   0x00000060   Code   RO         7250    i.main              main.o
    0x08003a98   0x08003a98   0x00000034   Code   RO         7936    i.mqtt_link_is_online  bsp_esp8266_mqtt.o
    0x08003acc   0x08003acc   0x0000001c   Code   RO         7937    i.mqtt_rx_source_buf  bsp_esp8266_mqtt.o
    0x08003ae8   0x08003ae8   0x000000c0   Code   RO         7842    i.rebuild_full_chain  bsp_esp8266_test.o
    0x08003ba8   0x08003ba8   0x00000018   Data   RO           15    .constdata          system_stm32f1xx.o
    0x08003bc0   0x08003bc0   0x00000012   Data   RO         3585    .constdata          stm32f1xx_hal_rcc.o
    0x08003bd2   0x08003bd2   0x00000081   Data   RO         8349    .constdata          mc_w.l(ctype_o.o)
    0x08003c53   0x08003c53   0x00000001   PAD
    0x08003c54   0x08003c54   0x00000004   Data   RO         8350    .constdata          mc_w.l(ctype_o.o)
    0x08003c58   0x08003c58   0x00000097   Data   RO         7251    .conststring        main.o
    0x08003cef   0x08003cef   0x00000001   PAD
    0x08003cf0   0x08003cf0   0x00000008   Data   RO         7635    .conststring        bsp_iwdg.o
    0x08003cf8   0x08003cf8   0x00000356   Data   RO         7843    .conststring        bsp_esp8266_test.o
    0x0800404e   0x0800404e   0x00000002   PAD
    0x08004050   0x08004050   0x000004c5   Data   RO         7939    .conststring        bsp_esp8266_mqtt.o
    0x08004515   0x08004515   0x00000003   PAD
    0x08004518   0x08004518   0x00000020   Data   RO         8382    Region$$Table       anon$$obj.o


    Execution Region RW_IRAM1 (Exec base: 0x20000000, Load base: 0x08004538, Size: 0x00001d18, Max: 0x00010000, ABSOLUTE)

    Exec Addr    Load Addr    Size         Type   Attr      Idx    E Section Name        Object

    0x20000000   0x08004538   0x00000004   Data   RW           16    .data               system_stm32f1xx.o
    0x20000004   0x0800453c   0x00000009   Data   RW          237    .data               stm32f1xx_hal.o
    0x2000000d   0x08004545   0x00000001   Data   RW         7252    .data               main.o
    0x2000000e   0x08004546   0x00000002   Data   RW         7345    .data               stm32f1xx_it.o
    0x20000010   0x08004548   0x00000008   Data   RW         7636    .data               bsp_iwdg.o
    0x20000018   0x08004550   0x00000008   Data   RW         7700    .data               bsp_esp8266.o
    0x20000020   0x08004558   0x00000010   Data   RW         7844    .data               bsp_esp8266_test.o
    0x20000030   0x08004568   0x0000001c   Data   RW         7940    .data               bsp_esp8266_mqtt.o
    0x2000004c   0x08004584   0x00000004   Data   RW         8317    .data               mc_w.l(stdout.o)
    0x20000050   0x08004588   0x00000004   Data   RW         8325    .data               mc_w.l(errno.o)
    0x20000054        -       0x00000048   Zero   RW         7434    .bss                bsp_debug_usart.o
    0x2000009c        -       0x0000000c   Zero   RW         7634    .bss                bsp_iwdg.o
    0x200000a8        -       0x0000104c   Zero   RW         7699    .bss                bsp_esp8266.o
    0x200010f4        -       0x00000820   Zero   RW         7938    .bss                bsp_esp8266_mqtt.o
    0x20001914   0x0800458c   0x00000004   PAD
    0x20001918        -       0x00000400   Zero   RW            1    STACK               startup_stm32f103xe.o


==============================================================================

Image component sizes


      Code (inc. data)   RO Data    RW Data    ZI Data      Debug   Object Name

       312         26          0          0         72       2413   bsp_debug_usart.o
       408         34          0          0          0       3438   bsp_dht11.o
      1114        318          0          8       4172      14280   bsp_esp8266.o
      3992       1980       1221         28       2080      10893   bsp_esp8266_mqtt.o
      1892        992        854         16          0       3876   bsp_esp8266_test.o
       292        126          8          8         12       1664   bsp_iwdg.o
       160         10          0          0          0        906   bsp_led.o
        32          4          0          0          0        447   bsp_systick.o
       360          4          0          0          0       3111   common.o
       136         24          0          0          0       1466   core_delay.o
       192         32        151          1          0       3307   main.o
        36          8        304          0       1024        908   startup_stm32f103xe.o
       152         30          0          9          0       5854   stm32f1xx_hal.o
       304         22          0          0          0      29319   stm32f1xx_hal_cortex.o
       860         40          0          0          0       3271   stm32f1xx_hal_gpio.o
       108          0          0          0          0       1783   stm32f1xx_hal_iwdg.o
      1748         98         18          0          0       5860   stm32f1xx_hal_rcc.o
       694          4          0          0          0       3688   stm32f1xx_hal_uart.o
       696        122          0          2          0       6114   stm32f1xx_it.o
         2          0         24          4          0     456463   system_stm32f1xx.o

    ----------------------------------------------------------------------
     13510       3874       2618         76       7364     559061   Object Totals
         0          0         32          0          0          0   (incl. Generated)
        20          0          6          0          4          0   (incl. Padding)

    ----------------------------------------------------------------------

      Code (inc. data)   RO Data    RW Data    ZI Data      Debug   Library Member Name

        28          0          0          0          0         68   _chval.o
       158          0          0          0          0         92   _strtoul.o
        26          0          0          0          0         80   atoi.o
         8          4        133          0          0         68   ctype_o.o
         0          0          0          0          0          0   entry.o
         0          0          0          0          0          0   entry10a.o
         0          0          0          0          0          0   entry11a.o
         4          0          0          0          0          0   entry12b.o
         8          4          0          0          0          0   entry2.o
         4          0          0          0          0          0   entry5.o
         0          0          0          0          0          0   entry7b.o
         0          0          0          0          0          0   entry8b.o
         8          4          0          0          0          0   entry9a.o
         8          4          0          4          0         68   errno.o
        30          0          0          0          0          0   handlers.o
        36          8          0          0          0         68   init.o
        30          0          0          0          0         68   llshl.o
        32          0          0          0          0         68   llushr.o
        36          0          0          0          0         68   memcpya.o
        36          0          0          0          0        108   memseta.o
       712         24          0          0          0        492   printf4.o
         0          0          0          4          0          0   stdout.o
        28          0          0          0          0         76   strcmp.o
        14          0          0          0          0         68   strlen.o
        36          0          0          0          0         80   strstr.o
       112          0          0          0          0         88   strtol.o
        98          0          0          0          0         92   uldiv.o

    ----------------------------------------------------------------------
      1458         48        134          8          0       1652   Library Totals
         6          0          1          0          0          0   (incl. Padding)

    ----------------------------------------------------------------------

      Code (inc. data)   RO Data    RW Data    ZI Data      Debug   Library Name

      1452         48        133          8          0       1652   mc_w.l

    ----------------------------------------------------------------------
      1458         48        134          8          0       1652   Library Totals

    ----------------------------------------------------------------------

==============================================================================


      Code (inc. data)   RO Data    RW Data    ZI Data      Debug   

     14968       3922       2752         84       7364     555509   Grand Totals
     14968       3922       2752         84       7364     555509   ELF Image Totals
     14968       3922       2752         84          0          0   ROM Totals

==============================================================================

    Total RO  Size (Code + RO Data)                17720 (  17.30kB)
    Total RW  Size (RW Data + ZI Data)              7448 (   7.27kB)
    Total ROM Size (Code + RO Data + RW Data)      17804 (  17.39kB)

==============================================================================

